20:35:08 **** Build of configuration Debug for project lab-4 ****
make -j12 all 
arm-none-eabi-gcc "../Drivers/STM32F1xx_HAL_Driver/Src/stm32f1xx_hal.c" -mcpu=cortex-m3 -std=gnu11 -g3 -DDEBUG -DUSE_HAL_DRIVER -DSTM32F103x6 -c -I../Core/Inc -I../Drivers/STM32F1xx_HAL_Driver/Inc -I../Drivers/STM32F1xx_HAL_Driver/Inc/Legacy -I../Drivers/CMSIS/Device/ST/STM32F1xx/Include -I../Drivers/CMSIS/Include -O0 -ffunction-sections -fdata-sections -Wall -fstack-usage -MMD -MP -MF"Drivers/STM32F1xx_HAL_Driver/Src/stm32f1xx_hal.d" -MT"Drivers/STM32F1xx_HAL_Driver/Src/stm32f1xx_hal.o" --specs=nano.specs -mfloat-abi=soft -mthumb -o "Drivers/STM32F1xx_HAL_Driver/Src/stm32f1xx_hal.o"
arm-none-eabi-gcc "../Drivers/STM32F1xx_HAL_Driver/Src/stm32f1xx_hal_cortex.c" -mcpu=cortex-m3 -std=gnu11 -g3 -DDEBUG -DUSE_HAL_DRIVER -DSTM32F103x6 -c -I../Core/Inc -I../Drivers/STM32F1xx_HAL_Driver/Inc -I../Drivers/STM32F1xx_HAL_Driver/Inc/Legacy -I../Drivers/CMSIS/Device/ST/STM32F1xx/Include -I../Drivers/CMSIS/Include -O0 -ffunction-sections -fdata-sections -Wall -fstack-usage -MMD -MP -MF"Drivers/STM32F1xx_HAL_Driver/Src/stm32f1xx_hal_cortex.d" -MT"Drivers/STM32F1xx_HAL_Driver/Src/stm32f1xx_hal_cortex.o" --specs=nano.specs -mfloat-abi=soft -mthumb -o "Drivers/STM32F1xx_HAL_Driver/Src/stm32f1xx_hal_cortex.o"
arm-none-eabi-gcc "../Drivers/STM32F1xx_HAL_Driver/Src/stm32f1xx_hal_dma.c" -mcpu=cortex-m3 -std=gnu11 -g3 -DDEBUG -DUSE_HAL_DRIVER -DSTM32F103x6 -c -I../Core/Inc -I../Drivers/STM32F1xx_HAL_Driver/Inc -I../Drivers/STM32F1xx_HAL_Driver/Inc/Legacy -I../Drivers/CMSIS/Device/ST/STM32F1xx/Include -I../Drivers/CMSIS/Include -O0 -ffunction-sections -fdata-sections -Wall -fstack-usage -MMD -MP -MF"Drivers/STM32F1xx_HAL_Driver/Src/stm32f1xx_hal_dma.d" -MT"Drivers/STM32F1xx_HAL_Driver/Src/stm32f1xx_hal_dma.o" --specs=nano.specs -mfloat-abi=soft -mthumb -o "Drivers/STM32F1xx_HAL_Driver/Src/stm32f1xx_hal_dma.o"
arm-none-eabi-gcc "../Drivers/STM32F1xx_HAL_Driver/Src/stm32f1xx_hal_exti.c" -mcpu=cortex-m3 -std=gnu11 -g3 -DDEBUG -DUSE_HAL_DRIVER -DSTM32F103x6 -c -I../Core/Inc -I../Drivers/STM32F1xx_HAL_Driver/Inc -I../Drivers/STM32F1xx_HAL_Driver/Inc/Legacy -I../Drivers/CMSIS/Device/ST/STM32F1xx/Include -I../Drivers/CMSIS/Include -O0 -ffunction-sections -fdata-sections -Wall -fstack-usage -MMD -MP -MF"Drivers/STM32F1xx_HAL_Driver/Src/stm32f1xx_hal_exti.d" -MT"Drivers/STM32F1xx_HAL_Driver/Src/stm32f1xx_hal_exti.o" --specs=nano.specs -mfloat-abi=soft -mthumb -o "Drivers/STM32F1xx_HAL_Driver/Src/stm32f1xx_hal_exti.o"
arm-none-eabi-gcc "../Drivers/STM32F1xx_HAL_Driver/Src/stm32f1xx_hal_flash.c" -mcpu=cortex-m3 -std=gnu11 -g3 -DDEBUG -DUSE_HAL_DRIVER -DSTM32F103x6 -c -I../Core/Inc -I../Drivers/STM32F1xx_HAL_Driver/Inc -I../Drivers/STM32F1xx_HAL_Driver/Inc/Legacy -I../Drivers/CMSIS/Device/ST/STM32F1xx/Include -I../Drivers/CMSIS/Include -O0 -ffunction-sections -fdata-sections -Wall -fstack-usage -MMD -MP -MF"Drivers/STM32F1xx_HAL_Driver/Src/stm32f1xx_hal_flash.d" -MT"Drivers/STM32F1xx_HAL_Driver/Src/stm32f1xx_hal_flash.o" --specs=nano.specs -mfloat-abi=soft -mthumb -o "Drivers/STM32F1xx_HAL_Driver/Src/stm32f1xx_hal_flash.o"
arm-none-eabi-gcc "../Drivers/STM32F1xx_HAL_Driver/Src/stm32f1xx_hal_flash_ex.c" -mcpu=cortex-m3 -std=gnu11 -g3 -DDEBUG -DUSE_HAL_DRIVER -DSTM32F103x6 -c -I../Core/Inc -I../Drivers/STM32F1xx_HAL_Driver/Inc -I../Drivers/STM32F1xx_HAL_Driver/Inc/Legacy -I../Drivers/CMSIS/Device/ST/STM32F1xx/Include -I../Drivers/CMSIS/Include -O0 -ffunction-sections -fdata-sections -Wall -fstack-usage -MMD -MP -MF"Drivers/STM32F1xx_HAL_Driver/Src/stm32f1xx_hal_flash_ex.d" -MT"Drivers/STM32F1xx_HAL_Driver/Src/stm32f1xx_hal_flash_ex.o" --specs=nano.specs -mfloat-abi=soft -mthumb -o "Drivers/STM32F1xx_HAL_Driver/Src/stm32f1xx_hal_flash_ex.o"
arm-none-eabi-gcc "../Drivers/STM32F1xx_HAL_Driver/Src/stm32f1xx_hal_gpio.c" -mcpu=cortex-m3 -std=gnu11 -g3 -DDEBUG -DUSE_HAL_DRIVER -DSTM32F103x6 -c -I../Core/Inc -I../Drivers/STM32F1xx_HAL_Driver/Inc -I../Drivers/STM32F1xx_HAL_Driver/Inc/Legacy -I../Drivers/CMSIS/Device/ST/STM32F1xx/Include -I../Drivers/CMSIS/Include -O0 -ffunction-sections -fdata-sections -Wall -fstack-usage -MMD -MP -MF"Drivers/STM32F1xx_HAL_Driver/Src/stm32f1xx_hal_gpio.d" -MT"Drivers/STM32F1xx_HAL_Driver/Src/stm32f1xx_hal_gpio.o" --specs=nano.specs -mfloat-abi=soft -mthumb -o "Drivers/STM32F1xx_HAL_Driver/Src/stm32f1xx_hal_gpio.o"
arm-none-eabi-gcc "../Drivers/STM32F1xx_HAL_Driver/Src/stm32f1xx_hal_gpio_ex.c" -mcpu=cortex-m3 -std=gnu11 -g3 -DDEBUG -DUSE_HAL_DRIVER -DSTM32F103x6 -c -I../Core/Inc -I../Drivers/STM32F1xx_HAL_Driver/Inc -I../Drivers/STM32F1xx_HAL_Driver/Inc/Legacy -I../Drivers/CMSIS/Device/ST/STM32F1xx/Include -I../Drivers/CMSIS/Include -O0 -ffunction-sections -fdata-sections -Wall -fstack-usage -MMD -MP -MF"Drivers/STM32F1xx_HAL_Driver/Src/stm32f1xx_hal_gpio_ex.d" -MT"Drivers/STM32F1xx_HAL_Driver/Src/stm32f1xx_hal_gpio_ex.o" --specs=nano.specs -mfloat-abi=soft -mthumb -o "Drivers/STM32F1xx_HAL_Driver/Src/stm32f1xx_hal_gpio_ex.o"
arm-none-eabi-gcc "../Drivers/STM32F1xx_HAL_Driver/Src/stm32f1xx_hal_pwr.c" -mcpu=cortex-m3 -std=gnu11 -g3 -DDEBUG -DUSE_HAL_DRIVER -DSTM32F103x6 -c -I../Core/Inc -I../Drivers/STM32F1xx_HAL_Driver/Inc -I../Drivers/STM32F1xx_HAL_Driver/Inc/Legacy -I../Drivers/CMSIS/Device/ST/STM32F1xx/Include -I../Drivers/CMSIS/Include -O0 -ffunction-sections -fdata-sections -Wall -fstack-usage -MMD -MP -MF"Drivers/STM32F1xx_HAL_Driver/Src/stm32f1xx_hal_pwr.d" -MT"Drivers/STM32F1xx_HAL_Driver/Src/stm32f1xx_hal_pwr.o" --specs=nano.specs -mfloat-abi=soft -mthumb -o "Drivers/STM32F1xx_HAL_Driver/Src/stm32f1xx_hal_pwr.o"
arm-none-eabi-gcc "../Drivers/STM32F1xx_HAL_Driver/Src/stm32f1xx_hal_rcc.c" -mcpu=cortex-m3 -std=gnu11 -g3 -DDEBUG -DUSE_HAL_DRIVER -DSTM32F103x6 -c -I../Core/Inc -I../Drivers/STM32F1xx_HAL_Driver/Inc -I../Drivers/STM32F1xx_HAL_Driver/Inc/Legacy -I../Drivers/CMSIS/Device/ST/STM32F1xx/Include -I../Drivers/CMSIS/Include -O0 -ffunction-sections -fdata-sections -Wall -fstack-usage -MMD -MP -MF"Drivers/STM32F1xx_HAL_Driver/Src/stm32f1xx_hal_rcc.d" -MT"Drivers/STM32F1xx_HAL_Driver/Src/stm32f1xx_hal_rcc.o" --specs=nano.specs -mfloat-abi=soft -mthumb -o "Drivers/STM32F1xx_HAL_Driver/Src/stm32f1xx_hal_rcc.o"
arm-none-eabi-gcc "../Drivers/STM32F1xx_HAL_Driver/Src/stm32f1xx_hal_rcc_ex.c" -mcpu=cortex-m3 -std=gnu11 -g3 -DDEBUG -DUSE_HAL_DRIVER -DSTM32F103x6 -c -I../Core/Inc -I../Drivers/STM32F1xx_HAL_Driver/Inc -I../Drivers/STM32F1xx_HAL_Driver/Inc/Legacy -I../Drivers/CMSIS/Device/ST/STM32F1xx/Include -I../Drivers/CMSIS/Include -O0 -ffunction-sections -fdata-sections -Wall -fstack-usage -MMD -MP -MF"Drivers/STM32F1xx_HAL_Driver/Src/stm32f1xx_hal_rcc_ex.d" -MT"Drivers/STM32F1xx_HAL_Driver/Src/stm32f1xx_hal_rcc_ex.o" --specs=nano.specs -mfloat-abi=soft -mthumb -o "Drivers/STM32F1xx_HAL_Driver/Src/stm32f1xx_hal_rcc_ex.o"
arm-none-eabi-gcc "../Drivers/STM32F1xx_HAL_Driver/Src/stm32f1xx_hal_tim.c" -mcpu=cortex-m3 -std=gnu11 -g3 -DDEBUG -DUSE_HAL_DRIVER -DSTM32F103x6 -c -I../Core/Inc -I../Drivers/STM32F1xx_HAL_Driver/Inc -I../Drivers/STM32F1xx_HAL_Driver/Inc/Legacy -I../Drivers/CMSIS/Device/ST/STM32F1xx/Include -I../Drivers/CMSIS/Include -O0 -ffunction-sections -fdata-sections -Wall -fstack-usage -MMD -MP -MF"Drivers/STM32F1xx_HAL_Driver/Src/stm32f1xx_hal_tim.d" -MT"Drivers/STM32F1xx_HAL_Driver/Src/stm32f1xx_hal_tim.o" --specs=nano.specs -mfloat-abi=soft -mthumb -o "Drivers/STM32F1xx_HAL_Driver/Src/stm32f1xx_hal_tim.o"
arm-none-eabi-gcc "../Drivers/STM32F1xx_HAL_Driver/Src/stm32f1xx_hal_tim_ex.c" -mcpu=cortex-m3 -std=gnu11 -g3 -DDEBUG -DUSE_HAL_DRIVER -DSTM32F103x6 -c -I../Core/Inc -I../Drivers/STM32F1xx_HAL_Driver/Inc -I../Drivers/STM32F1xx_HAL_Driver/Inc/Legacy -I../Drivers/CMSIS/Device/ST/STM32F1xx/Include -I../Drivers/CMSIS/Include -O0 -ffunction-sections -fdata-sections -Wall -fstack-usage -MMD -MP -MF"Drivers/STM32F1xx_HAL_Driver/Src/stm32f1xx_hal_tim_ex.d" -MT"Drivers/STM32F1xx_HAL_Driver/Src/stm32f1xx_hal_tim_ex.o" --specs=nano.specs -mfloat-abi=soft -mthumb -o "Drivers/STM32F1xx_HAL_Driver/Src/stm32f1xx_hal_tim_ex.o"
arm-none-eabi-gcc -mcpu=cortex-m3 -g3 -DDEBUG -c -x assembler-with-cpp -MMD -MP -MF"Core/Startup/startup_stm32f103c6ux.d" -MT"Core/Startup/startup_stm32f103c6ux.o" --specs=nano.specs -mfloat-abi=soft -mthumb -o "Core/Startup/startup_stm32f103c6ux.o" "../Core/Startup/startup_stm32f103c6ux.s"
arm-none-eabi-gcc "../Core/Src/7seg.c" -mcpu=cortex-m3 -std=gnu11 -g3 -DDEBUG -DUSE_HAL_DRIVER -DSTM32F103x6 -c -I../Core/Inc -I../Drivers/STM32F1xx_HAL_Driver/Inc -I../Drivers/STM32F1xx_HAL_Driver/Inc/Legacy -I../Drivers/CMSIS/Device/ST/STM32F1xx/Include -I../Drivers/CMSIS/Include -O0 -ffunction-sections -fdata-sections -Wall -fstack-usage -MMD -MP -MF"Core/Src/7seg.d" -MT"Core/Src/7seg.o" --specs=nano.specs -mfloat-abi=soft -mthumb -o "Core/Src/7seg.o"
arm-none-eabi-gcc "../Core/Src/button.c" -mcpu=cortex-m3 -std=gnu11 -g3 -DDEBUG -DUSE_HAL_DRIVER -DSTM32F103x6 -c -I../Core/Inc -I../Drivers/STM32F1xx_HAL_Driver/Inc -I../Drivers/STM32F1xx_HAL_Driver/Inc/Legacy -I../Drivers/CMSIS/Device/ST/STM32F1xx/Include -I../Drivers/CMSIS/Include -O0 -ffunction-sections -fdata-sections -Wall -fstack-usage -MMD -MP -MF"Core/Src/button.d" -MT"Core/Src/button.o" --specs=nano.specs -mfloat-abi=soft -mthumb -o "Core/Src/button.o"
arm-none-eabi-gcc "../Core/Src/global.c" -mcpu=cortex-m3 -std=gnu11 -g3 -DDEBUG -DUSE_HAL_DRIVER -DSTM32F103x6 -c -I../Core/Inc -I../Drivers/STM32F1xx_HAL_Driver/Inc -I../Drivers/STM32F1xx_HAL_Driver/Inc/Legacy -I../Drivers/CMSIS/Device/ST/STM32F1xx/Include -I../Drivers/CMSIS/Include -O0 -ffunction-sections -fdata-sections -Wall -fstack-usage -MMD -MP -MF"Core/Src/global.d" -MT"Core/Src/global.o" --specs=nano.specs -mfloat-abi=soft -mthumb -o "Core/Src/global.o"
arm-none-eabi-gcc "../Core/Src/main.c" -mcpu=cortex-m3 -std=gnu11 -g3 -DDEBUG -DUSE_HAL_DRIVER -DSTM32F103x6 -c -I../Core/Inc -I../Drivers/STM32F1xx_HAL_Driver/Inc -I../Drivers/STM32F1xx_HAL_Driver/Inc/Legacy -I../Drivers/CMSIS/Device/ST/STM32F1xx/Include -I../Drivers/CMSIS/Include -O0 -ffunction-sections -fdata-sections -Wall -fstack-usage -MMD -MP -MF"Core/Src/main.d" -MT"Core/Src/main.o" --specs=nano.specs -mfloat-abi=soft -mthumb -o "Core/Src/main.o"
arm-none-eabi-gcc "../Core/Src/schedule.c" -mcpu=cortex-m3 -std=gnu11 -g3 -DDEBUG -DUSE_HAL_DRIVER -DSTM32F103x6 -c -I../Core/Inc -I../Drivers/STM32F1xx_HAL_Driver/Inc -I../Drivers/STM32F1xx_HAL_Driver/Inc/Legacy -I../Drivers/CMSIS/Device/ST/STM32F1xx/Include -I../Drivers/CMSIS/Include -O0 -ffunction-sections -fdata-sections -Wall -fstack-usage -MMD -MP -MF"Core/Src/schedule.d" -MT"Core/Src/schedule.o" --specs=nano.specs -mfloat-abi=soft -mthumb -o "Core/Src/schedule.o"
arm-none-eabi-gcc "../Core/Src/software_timer.c" -mcpu=cortex-m3 -std=gnu11 -g3 -DDEBUG -DUSE_HAL_DRIVER -DSTM32F103x6 -c -I../Core/Inc -I../Drivers/STM32F1xx_HAL_Driver/Inc -I../Drivers/STM32F1xx_HAL_Driver/Inc/Legacy -I../Drivers/CMSIS/Device/ST/STM32F1xx/Include -I../Drivers/CMSIS/Include -O0 -ffunction-sections -fdata-sections -Wall -fstack-usage -MMD -MP -MF"Core/Src/software_timer.d" -MT"Core/Src/software_timer.o" --specs=nano.specs -mfloat-abi=soft -mthumb -o "Core/Src/software_timer.o"
arm-none-eabi-gcc "../Core/Src/stm32f1xx_hal_msp.c" -mcpu=cortex-m3 -std=gnu11 -g3 -DDEBUG -DUSE_HAL_DRIVER -DSTM32F103x6 -c -I../Core/Inc -I../Drivers/STM32F1xx_HAL_Driver/Inc -I../Drivers/STM32F1xx_HAL_Driver/Inc/Legacy -I../Drivers/CMSIS/Device/ST/STM32F1xx/Include -I../Drivers/CMSIS/Include -O0 -ffunction-sections -fdata-sections -Wall -fstack-usage -MMD -MP -MF"Core/Src/stm32f1xx_hal_msp.d" -MT"Core/Src/stm32f1xx_hal_msp.o" --specs=nano.specs -mfloat-abi=soft -mthumb -o "Core/Src/stm32f1xx_hal_msp.o"
arm-none-eabi-gcc "../Core/Src/stm32f1xx_it.c" -mcpu=cortex-m3 -std=gnu11 -g3 -DDEBUG -DUSE_HAL_DRIVER -DSTM32F103x6 -c -I../Core/Inc -I../Drivers/STM32F1xx_HAL_Driver/Inc -I../Drivers/STM32F1xx_HAL_Driver/Inc/Legacy -I../Drivers/CMSIS/Device/ST/STM32F1xx/Include -I../Drivers/CMSIS/Include -O0 -ffunction-sections -fdata-sections -Wall -fstack-usage -MMD -MP -MF"Core/Src/stm32f1xx_it.d" -MT"Core/Src/stm32f1xx_it.o" --specs=nano.specs -mfloat-abi=soft -mthumb -o "Core/Src/stm32f1xx_it.o"
arm-none-eabi-gcc "../Core/Src/syscalls.c" -mcpu=cortex-m3 -std=gnu11 -g3 -DDEBUG -DUSE_HAL_DRIVER -DSTM32F103x6 -c -I../Core/Inc -I../Drivers/STM32F1xx_HAL_Driver/Inc -I../Drivers/STM32F1xx_HAL_Driver/Inc/Legacy -I../Drivers/CMSIS/Device/ST/STM32F1xx/Include -I../Drivers/CMSIS/Include -O0 -ffunction-sections -fdata-sections -Wall -fstack-usage -MMD -MP -MF"Core/Src/syscalls.d" -MT"Core/Src/syscalls.o" --specs=nano.specs -mfloat-abi=soft -mthumb -o "Core/Src/syscalls.o"
arm-none-eabi-gcc "../Core/Src/sysmem.c" -mcpu=cortex-m3 -std=gnu11 -g3 -DDEBUG -DUSE_HAL_DRIVER -DSTM32F103x6 -c -I../Core/Inc -I../Drivers/STM32F1xx_HAL_Driver/Inc -I../Drivers/STM32F1xx_HAL_Driver/Inc/Legacy -I../Drivers/CMSIS/Device/ST/STM32F1xx/Include -I../Drivers/CMSIS/Include -O0 -ffunction-sections -fdata-sections -Wall -fstack-usage -MMD -MP -MF"Core/Src/sysmem.d" -MT"Core/Src/sysmem.o" --specs=nano.specs -mfloat-abi=soft -mthumb -o "Core/Src/sysmem.o"
../Core/Src/7seg.c: In function 'update1':
../Core/Src/7seg.c:17:37: error: 'A0_GPIO_Port' undeclared (first use in this function)
arm-none-eabi-gcc "../Core/Src/system_stm32f1xx.c" -mcpu=cortex-m3 -std=gnu11 -g3 -DDEBUG -DUSE_HAL_DRIVER -DSTM32F103x6 -c -I../Core/Inc -I../Drivers/STM32F1xx_HAL_Driver/Inc -I../Drivers/STM32F1xx_HAL_Driver/Inc/Legacy -I../Drivers/CMSIS/Device/ST/STM32F1xx/Include -I../Drivers/CMSIS/Include -O0 -ffunction-sections -fdata-sections -Wall -fstack-usage -MMD -MP -MF"Core/Src/system_stm32f1xx.d" -MT"Core/Src/system_stm32f1xx.o" --specs=nano.specs -mfloat-abi=soft -mthumb -o "Core/Src/system_stm32f1xx.o"
   17 |  if(seg1[0] == 1) HAL_GPIO_WritePin(A0_GPIO_Port, A0_Pin, GPIO_PIN_SET);
      |                                     ^~~~~~~~~~~~
../Core/Src/7seg.c:17:37: note: each undeclared identifier is reported only once for each function it appears in
../Core/Src/7seg.c:17:51: error: 'A0_Pin' undeclared (first use in this function)
   17 |  if(seg1[0] == 1) HAL_GPIO_WritePin(A0_GPIO_Port, A0_Pin, GPIO_PIN_SET);
      |                                                   ^~~~~~
../Core/Src/7seg.c:20:37: error: 'A1_GPIO_Port' undeclared (first use in this function)
   20 |  if(seg1[1] == 1) HAL_GPIO_WritePin(A1_GPIO_Port, A1_Pin, GPIO_PIN_SET);
      |                                     ^~~~~~~~~~~~
../Core/Src/7seg.c:20:51: error: 'A1_Pin' undeclared (first use in this function)
   20 |  if(seg1[1] == 1) HAL_GPIO_WritePin(A1_GPIO_Port, A1_Pin, GPIO_PIN_SET);
      |                                                   ^~~~~~
../Core/Src/7seg.c:23:37: error: 'A2_GPIO_Port' undeclared (first use in this function)
   23 |  if(seg1[2] == 1) HAL_GPIO_WritePin(A2_GPIO_Port, A2_Pin, GPIO_PIN_SET);
      |                                     ^~~~~~~~~~~~
../Core/Src/7seg.c:23:51: error: 'A2_Pin' undeclared (first use in this function)
   23 |  if(seg1[2] == 1) HAL_GPIO_WritePin(A2_GPIO_Port, A2_Pin, GPIO_PIN_SET);
      |                                                   ^~~~~~
../Core/Src/7seg.c:26:37: error: 'A3_GPIO_Port' undeclared (first use in this function)
   26 |  if(seg1[3] == 1) HAL_GPIO_WritePin(A3_GPIO_Port, A3_Pin, GPIO_PIN_SET);
      |                                     ^~~~~~~~~~~~
In file included from ../Core/Inc/button.h:12,
                 from ../Core/Src/button.c:8:
../Core/Inc/global.h:15:10: fatal error: traffic_mode.h: No such file or directory
   15 | #include "traffic_mode.h"
      |          ^~~~~~~~~~~~~~~~
../Core/Src/7seg.c:26:51: error: 'A3_Pin' undeclared (first use in this function)
   26 |  if(seg1[3] == 1) HAL_GPIO_WritePin(A3_GPIO_Port, A3_Pin, GPIO_PIN_SET);
      |                                                   ^~~~~~
compilation terminated.
../Core/Src/7seg.c: In function 'update2':
../Core/Src/7seg.c:32:37: error: 'B0_GPIO_Port' undeclared (first use in this function)
   32 |  if(seg2[0] == 1) HAL_GPIO_WritePin(B0_GPIO_Port, B0_Pin, GPIO_PIN_SET);
      |                                     ^~~~~~~~~~~~
../Core/Src/7seg.c:32:51: error: 'B0_Pin' undeclared (first use in this function)
   32 |  if(seg2[0] == 1) HAL_GPIO_WritePin(B0_GPIO_Port, B0_Pin, GPIO_PIN_SET);
      |                                                   ^~~~~~
../Core/Src/7seg.c:35:37: error: 'B1_GPIO_Port' undeclared (first use in this function)
   35 |  if(seg2[1] == 1) HAL_GPIO_WritePin(B1_GPIO_Port, B1_Pin, GPIO_PIN_SET);
      |                                     ^~~~~~~~~~~~
../Core/Src/7seg.c:35:51: error: 'B1_Pin' undeclared (first use in this function)
   35 |  if(seg2[1] == 1) HAL_GPIO_WritePin(B1_GPIO_Port, B1_Pin, GPIO_PIN_SET);
      |                                                   ^~~~~~
../Core/Src/7seg.c:38:37: error: 'B2_GPIO_Port' undeclared (first use in this function)
   38 |  if(seg2[2] == 1) HAL_GPIO_WritePin(B2_GPIO_Port, B2_Pin, GPIO_PIN_SET);
      |                                     ^~~~~~~~~~~~
../Core/Src/7seg.c:38:51: error: 'B2_Pin' undeclared (first use in this function)
   38 |  if(seg2[2] == 1) HAL_GPIO_WritePin(B2_GPIO_Port, B2_Pin, GPIO_PIN_SET);
      |                                                   ^~~~~~
../Core/Src/7seg.c:41:37: error: 'B3_GPIO_Port' undeclared (first use in this function)
   41 |  if(seg2[3] == 1) HAL_GPIO_WritePin(B3_GPIO_Port, B3_Pin, GPIO_PIN_SET);
      |                                     ^~~~~~~~~~~~
../Core/Src/7seg.c:41:51: error: 'B3_Pin' undeclared (first use in this function)
   41 |  if(seg2[3] == 1) HAL_GPIO_WritePin(B3_GPIO_Port, B3_Pin, GPIO_PIN_SET);
      |                                                   ^~~~~~
In file included from ../Core/Src/global.c:8:
../Core/Inc/global.h:15:10: fatal error: traffic_mode.h: No such file or directory
   15 | #include "traffic_mode.h"
      |          ^~~~~~~~~~~~~~~~
../Core/Src/7seg.c: In function 'update3':
../Core/Src/7seg.c:47:37: error: 'C0_GPIO_Port' undeclared (first use in this function)
   47 |  if(seg3[0] == 1) HAL_GPIO_WritePin(C0_GPIO_Port, C0_Pin, GPIO_PIN_SET);
      |                                     ^~~~~~~~~~~~
compilation terminated.
../Core/Src/7seg.c:47:51: error: 'C0_Pin' undeclared (first use in this function)
   47 |  if(seg3[0] == 1) HAL_GPIO_WritePin(C0_GPIO_Port, C0_Pin, GPIO_PIN_SET);
      |                                                   ^~~~~~
../Core/Src/7seg.c:50:37: error: 'C1_GPIO_Port' undeclared (first use in this function)
   50 |  if(seg3[1] == 1) HAL_GPIO_WritePin(C1_GPIO_Port, C1_Pin, GPIO_PIN_SET);
      |                                     ^~~~~~~~~~~~
../Core/Src/7seg.c:50:51: error: 'C1_Pin' undeclared (first use in this function)
   50 |  if(seg3[1] == 1) HAL_GPIO_WritePin(C1_GPIO_Port, C1_Pin, GPIO_PIN_SET);
      |                                                   ^~~~~~
../Core/Src/7seg.c:53:37: error: 'C2_GPIO_Port' undeclared (first use in this function)
   53 |  if(seg3[2] == 1) HAL_GPIO_WritePin(C2_GPIO_Port, C2_Pin, GPIO_PIN_SET);
      |                                     ^~~~~~~~~~~~
../Core/Src/7seg.c:53:51: error: 'C2_Pin' undeclared (first use in this function)
   53 |  if(seg3[2] == 1) HAL_GPIO_WritePin(C2_GPIO_Port, C2_Pin, GPIO_PIN_SET);
      |                                                   ^~~~~~
../Core/Src/7seg.c:56:37: error: 'C3_GPIO_Port' undeclared (first use in this function)
   56 |  if(seg3[3] == 1) HAL_GPIO_WritePin(C3_GPIO_Port, C3_Pin, GPIO_PIN_SET);
      |                                     ^~~~~~~~~~~~
make: *** [Core/Src/subdir.mk:49: Core/Src/button.o] Error 1
make: *** Waiting for unfinished jobs....
../Core/Src/7seg.c:56:51: error: 'C3_Pin' undeclared (first use in this function)
   56 |  if(seg3[3] == 1) HAL_GPIO_WritePin(C3_GPIO_Port, C3_Pin, GPIO_PIN_SET);
      |                                                   ^~~~~~
../Core/Src/7seg.c: In function 'update4':
../Core/Src/7seg.c:62:37: error: 'D0_GPIO_Port' undeclared (first use in this function)
   62 |  if(seg4[0] == 1) HAL_GPIO_WritePin(D0_GPIO_Port, D0_Pin, GPIO_PIN_SET);
      |                                     ^~~~~~~~~~~~
../Core/Src/7seg.c:62:51: error: 'D0_Pin' undeclared (first use in this function)
   62 |  if(seg4[0] == 1) HAL_GPIO_WritePin(D0_GPIO_Port, D0_Pin, GPIO_PIN_SET);
      |                                                   ^~~~~~
make: *** [Core/Src/subdir.mk:49: Core/Src/global.o] Error 1
../Core/Src/7seg.c:65:37: error: 'D1_GPIO_Port' undeclared (first use in this function)
   65 |  if(seg4[1] == 1) HAL_GPIO_WritePin(D1_GPIO_Port, D1_Pin, GPIO_PIN_SET);
      |                                     ^~~~~~~~~~~~
../Core/Src/7seg.c:65:51: error: 'D1_Pin' undeclared (first use in this function)
   65 |  if(seg4[1] == 1) HAL_GPIO_WritePin(D1_GPIO_Port, D1_Pin, GPIO_PIN_SET);
      |                                                   ^~~~~~
../Core/Src/7seg.c:68:37: error: 'D2_GPIO_Port' undeclared (first use in this function)
   68 |  if(seg4[2] == 1) HAL_GPIO_WritePin(D2_GPIO_Port, D2_Pin, GPIO_PIN_SET);
      |                                     ^~~~~~~~~~~~
../Core/Src/7seg.c:68:51: error: 'D2_Pin' undeclared (first use in this function)
   68 |  if(seg4[2] == 1) HAL_GPIO_WritePin(D2_GPIO_Port, D2_Pin, GPIO_PIN_SET);
      |                                                   ^~~~~~
../Core/Src/7seg.c:71:37: error: 'D3_GPIO_Port' undeclared (first use in this function)
   71 |  if(seg4[3] == 1) HAL_GPIO_WritePin(D3_GPIO_Port, D3_Pin, GPIO_PIN_SET);
      |                                     ^~~~~~~~~~~~
../Core/Src/7seg.c:71:51: error: 'D3_Pin' undeclared (first use in this function)
   71 |  if(seg4[3] == 1) HAL_GPIO_WritePin(D3_GPIO_Port, D3_Pin, GPIO_PIN_SET);
      |                                                   ^~~~~~
make: *** [Core/Src/subdir.mk:49: Core/Src/7seg.o] Error 1
"make -j12 all" terminated with exit code 2. Build might be incomplete.
20:46:57 **** Incremental Build of configuration Debug for project lab-4 ****
make -j12 all 
arm-none-eabi-gcc "../Core/Src/button.c" -mcpu=cortex-m3 -std=gnu11 -g3 -DDEBUG -DUSE_HAL_DRIVER -DSTM32F103x6 -c -I../Core/Inc -I../Drivers/STM32F1xx_HAL_Driver/Inc -I../Drivers/STM32F1xx_HAL_Driver/Inc/Legacy -I../Drivers/CMSIS/Device/ST/STM32F1xx/Include -I../Drivers/CMSIS/Include -O0 -ffunction-sections -fdata-sections -Wall -fstack-usage -MMD -MP -MF"Core/Src/button.d" -MT"Core/Src/button.o" --specs=nano.specs -mfloat-abi=soft -mthumb -o "Core/Src/button.o"
arm-none-eabi-gcc "../Core/Src/global.c" -mcpu=cortex-m3 -std=gnu11 -g3 -DDEBUG -DUSE_HAL_DRIVER -DSTM32F103x6 -c -I../Core/Inc -I../Drivers/STM32F1xx_HAL_Driver/Inc -I../Drivers/STM32F1xx_HAL_Driver/Inc/Legacy -I../Drivers/CMSIS/Device/ST/STM32F1xx/Include -I../Drivers/CMSIS/Include -O0 -ffunction-sections -fdata-sections -Wall -fstack-usage -MMD -MP -MF"Core/Src/global.d" -MT"Core/Src/global.o" --specs=nano.specs -mfloat-abi=soft -mthumb -o "Core/Src/global.o"
arm-none-eabi-gcc "../Core/Src/main.c" -mcpu=cortex-m3 -std=gnu11 -g3 -DDEBUG -DUSE_HAL_DRIVER -DSTM32F103x6 -c -I../Core/Inc -I../Drivers/STM32F1xx_HAL_Driver/Inc -I../Drivers/STM32F1xx_HAL_Driver/Inc/Legacy -I../Drivers/CMSIS/Device/ST/STM32F1xx/Include -I../Drivers/CMSIS/Include -O0 -ffunction-sections -fdata-sections -Wall -fstack-usage -MMD -MP -MF"Core/Src/main.d" -MT"Core/Src/main.o" --specs=nano.specs -mfloat-abi=soft -mthumb -o "Core/Src/main.o"
arm-none-eabi-gcc "../Core/Src/schedule.c" -mcpu=cortex-m3 -std=gnu11 -g3 -DDEBUG -DUSE_HAL_DRIVER -DSTM32F103x6 -c -I../Core/Inc -I../Drivers/STM32F1xx_HAL_Driver/Inc -I../Drivers/STM32F1xx_HAL_Driver/Inc/Legacy -I../Drivers/CMSIS/Device/ST/STM32F1xx/Include -I../Drivers/CMSIS/Include -O0 -ffunction-sections -fdata-sections -Wall -fstack-usage -MMD -MP -MF"Core/Src/schedule.d" -MT"Core/Src/schedule.o" --specs=nano.specs -mfloat-abi=soft -mthumb -o "Core/Src/schedule.o"
arm-none-eabi-gcc "../Core/Src/software_timer.c" -mcpu=cortex-m3 -std=gnu11 -g3 -DDEBUG -DUSE_HAL_DRIVER -DSTM32F103x6 -c -I../Core/Inc -I../Drivers/STM32F1xx_HAL_Driver/Inc -I../Drivers/STM32F1xx_HAL_Driver/Inc/Legacy -I../Drivers/CMSIS/Device/ST/STM32F1xx/Include -I../Drivers/CMSIS/Include -O0 -ffunction-sections -fdata-sections -Wall -fstack-usage -MMD -MP -MF"Core/Src/software_timer.d" -MT"Core/Src/software_timer.o" --specs=nano.specs -mfloat-abi=soft -mthumb -o "Core/Src/software_timer.o"
arm-none-eabi-gcc "../Core/Src/stm32f1xx_hal_msp.c" -mcpu=cortex-m3 -std=gnu11 -g3 -DDEBUG -DUSE_HAL_DRIVER -DSTM32F103x6 -c -I../Core/Inc -I../Drivers/STM32F1xx_HAL_Driver/Inc -I../Drivers/STM32F1xx_HAL_Driver/Inc/Legacy -I../Drivers/CMSIS/Device/ST/STM32F1xx/Include -I../Drivers/CMSIS/Include -O0 -ffunction-sections -fdata-sections -Wall -fstack-usage -MMD -MP -MF"Core/Src/stm32f1xx_hal_msp.d" -MT"Core/Src/stm32f1xx_hal_msp.o" --specs=nano.specs -mfloat-abi=soft -mthumb -o "Core/Src/stm32f1xx_hal_msp.o"
arm-none-eabi-gcc "../Core/Src/stm32f1xx_it.c" -mcpu=cortex-m3 -std=gnu11 -g3 -DDEBUG -DUSE_HAL_DRIVER -DSTM32F103x6 -c -I../Core/Inc -I../Drivers/STM32F1xx_HAL_Driver/Inc -I../Drivers/STM32F1xx_HAL_Driver/Inc/Legacy -I../Drivers/CMSIS/Device/ST/STM32F1xx/Include -I../Drivers/CMSIS/Include -O0 -ffunction-sections -fdata-sections -Wall -fstack-usage -MMD -MP -MF"Core/Src/stm32f1xx_it.d" -MT"Core/Src/stm32f1xx_it.o" --specs=nano.specs -mfloat-abi=soft -mthumb -o "Core/Src/stm32f1xx_it.o"
arm-none-eabi-gcc "../Core/Src/syscalls.c" -mcpu=cortex-m3 -std=gnu11 -g3 -DDEBUG -DUSE_HAL_DRIVER -DSTM32F103x6 -c -I../Core/Inc -I../Drivers/STM32F1xx_HAL_Driver/Inc -I../Drivers/STM32F1xx_HAL_Driver/Inc/Legacy -I../Drivers/CMSIS/Device/ST/STM32F1xx/Include -I../Drivers/CMSIS/Include -O0 -ffunction-sections -fdata-sections -Wall -fstack-usage -MMD -MP -MF"Core/Src/syscalls.d" -MT"Core/Src/syscalls.o" --specs=nano.specs -mfloat-abi=soft -mthumb -o "Core/Src/syscalls.o"
arm-none-eabi-gcc "../Core/Src/sysmem.c" -mcpu=cortex-m3 -std=gnu11 -g3 -DDEBUG -DUSE_HAL_DRIVER -DSTM32F103x6 -c -I../Core/Inc -I../Drivers/STM32F1xx_HAL_Driver/Inc -I../Drivers/STM32F1xx_HAL_Driver/Inc/Legacy -I../Drivers/CMSIS/Device/ST/STM32F1xx/Include -I../Drivers/CMSIS/Include -O0 -ffunction-sections -fdata-sections -Wall -fstack-usage -MMD -MP -MF"Core/Src/sysmem.d" -MT"Core/Src/sysmem.o" --specs=nano.specs -mfloat-abi=soft -mthumb -o "Core/Src/sysmem.o"
arm-none-eabi-gcc "../Core/Src/system_stm32f1xx.c" -mcpu=cortex-m3 -std=gnu11 -g3 -DDEBUG -DUSE_HAL_DRIVER -DSTM32F103x6 -c -I../Core/Inc -I../Drivers/STM32F1xx_HAL_Driver/Inc -I../Drivers/STM32F1xx_HAL_Driver/Inc/Legacy -I../Drivers/CMSIS/Device/ST/STM32F1xx/Include -I../Drivers/CMSIS/Include -O0 -ffunction-sections -fdata-sections -Wall -fstack-usage -MMD -MP -MF"Core/Src/system_stm32f1xx.d" -MT"Core/Src/system_stm32f1xx.o" --specs=nano.specs -mfloat-abi=soft -mthumb -o "Core/Src/system_stm32f1xx.o"
../Core/Src/schedule.c:10:1: error: unknown type name 'sTasks'; did you mean 'sTask'?
   10 | sTasks SCH_tasks_G[SCH_MAX_TASKS];
      | ^~~~~~
      | sTask
../Core/Src/schedule.c: In function 'SCH_Add_Task':
../Core/Src/schedule.c:20:34: error: request for member 'pTask' in something not a structure or union
   20 |   SCH_tasks_G[current_index_task].pTask = pFunction;
      |                                  ^
../Core/Src/schedule.c:21:34: error: request for member 'Delay' in something not a structure or union
   21 |   SCH_tasks_G[current_index_task].Delay = DELAY;
      |                                  ^
../Core/Src/schedule.c:22:34: error: request for member 'Period' in something not a structure or union
   22 |   SCH_tasks_G[current_index_task].Period =  PERIOD;
      |                                  ^
../Core/Src/schedule.c:23:34: error: request for member 'RunMe' in something not a structure or union
   23 |   SCH_tasks_G[current_index_task].RunMe = 0;
      |                                  ^
../Core/Src/schedule.c:25:34: error: request for member 'TaskID' in something not a structure or union
   25 |   SCH_tasks_G[current_index_task].TaskID = current_index_task;
      |                                  ^
../Core/Src/schedule.c: In function 'SCH_Dispatch_Tasks':
../Core/Src/schedule.c:34:20: error: request for member 'RunMe' in something not a structure or union
   34 |   if(SCH_tasks_G[i].RunMe > 0){
      |                    ^
../Core/Src/schedule.c:35:18: error: request for member 'RunMe' in something not a structure or union
   35 |    SCH_tasks_G[i].RunMe--;
      |                  ^
../Core/Src/schedule.c:36:20: error: request for member 'pTask' in something not a structure or union
   36 |    (*SCH_tasks_G[i].pTask)();
      |                    ^
make: *** [Core/Src/subdir.mk:46: Core/Src/schedule.o] Error 1
make: *** Waiting for unfinished jobs....
../Core/Src/button.c: In function 'MODE':
../Core/Src/button.c:60:32: error: 'MODE_GPIO_Port' undeclared (first use in this function)
   60 |    MODE_key = HAL_GPIO_ReadPin(MODE_GPIO_Port, MODE_Pin);
      |                                ^~~~~~~~~~~~~~
../Core/Src/button.c:60:32: note: each undeclared identifier is reported only once for each function it appears in
../Core/Src/button.c:60:48: error: 'MODE_Pin' undeclared (first use in this function)
   60 |    MODE_key = HAL_GPIO_ReadPin(MODE_GPIO_Port, MODE_Pin);
      |                                                ^~~~~~~~
../Core/Src/button.c: In function 'TIME':
../Core/Src/button.c:75:32: error: 'TIME_GPIO_Port' undeclared (first use in this function)
   75 |    TIME_key = HAL_GPIO_ReadPin(TIME_GPIO_Port, TIME_Pin);
      |                                ^~~~~~~~~~~~~~
../Core/Src/button.c:75:48: error: 'TIME_Pin' undeclared (first use in this function)
   75 |    TIME_key = HAL_GPIO_ReadPin(TIME_GPIO_Port, TIME_Pin);
      |                                                ^~~~~~~~
../Core/Src/button.c: In function 'SAVE':
../Core/Src/button.c:90:32: error: 'SAVE_GPIO_Port' undeclared (first use in this function)
   90 |    SAVE_key = HAL_GPIO_ReadPin(SAVE_GPIO_Port, SAVE_Pin);
      |                                ^~~~~~~~~~~~~~
../Core/Src/button.c:90:48: error: 'SAVE_Pin' undeclared (first use in this function)
   90 |    SAVE_key = HAL_GPIO_ReadPin(SAVE_GPIO_Port, SAVE_Pin);
      |                                                ^~~~~~~~
make: *** [Core/Src/subdir.mk:46: Core/Src/button.o] Error 1
"make -j12 all" terminated with exit code 2. Build might be incomplete.
20:48:15 **** Incremental Build of configuration Debug for project lab-4 ****
make -j12 all 
arm-none-eabi-gcc "../Core/Src/button.c" -mcpu=cortex-m3 -std=gnu11 -g3 -DDEBUG -DUSE_HAL_DRIVER -DSTM32F103x6 -c -I../Core/Inc -I../Drivers/STM32F1xx_HAL_Driver/Inc -I../Drivers/STM32F1xx_HAL_Driver/Inc/Legacy -I../Drivers/CMSIS/Device/ST/STM32F1xx/Include -I../Drivers/CMSIS/Include -O0 -ffunction-sections -fdata-sections -Wall -fstack-usage -MMD -MP -MF"Core/Src/button.d" -MT"Core/Src/button.o" --specs=nano.specs -mfloat-abi=soft -mthumb -o "Core/Src/button.o"
arm-none-eabi-gcc "../Core/Src/schedule.c" -mcpu=cortex-m3 -std=gnu11 -g3 -DDEBUG -DUSE_HAL_DRIVER -DSTM32F103x6 -c -I../Core/Inc -I../Drivers/STM32F1xx_HAL_Driver/Inc -I../Drivers/STM32F1xx_HAL_Driver/Inc/Legacy -I../Drivers/CMSIS/Device/ST/STM32F1xx/Include -I../Drivers/CMSIS/Include -O0 -ffunction-sections -fdata-sections -Wall -fstack-usage -MMD -MP -MF"Core/Src/schedule.d" -MT"Core/Src/schedule.o" --specs=nano.specs -mfloat-abi=soft -mthumb -o "Core/Src/schedule.o"
../Core/Src/button.c: In function 'MODE':
../Core/Src/button.c:60:32: error: 'MODE_GPIO_Port' undeclared (first use in this function)
   60 |    MODE_key = HAL_GPIO_ReadPin(MODE_GPIO_Port, MODE_Pin);
      |                                ^~~~~~~~~~~~~~
../Core/Src/button.c:60:32: note: each undeclared identifier is reported only once for each function it appears in
../Core/Src/button.c:60:48: error: 'MODE_Pin' undeclared (first use in this function)
   60 |    MODE_key = HAL_GPIO_ReadPin(MODE_GPIO_Port, MODE_Pin);
      |                                                ^~~~~~~~
../Core/Src/button.c: In function 'TIME':
../Core/Src/button.c:75:32: error: 'TIME_GPIO_Port' undeclared (first use in this function)
   75 |    TIME_key = HAL_GPIO_ReadPin(TIME_GPIO_Port, TIME_Pin);
      |                                ^~~~~~~~~~~~~~
../Core/Src/button.c:75:48: error: 'TIME_Pin' undeclared (first use in this function)
   75 |    TIME_key = HAL_GPIO_ReadPin(TIME_GPIO_Port, TIME_Pin);
      |                                                ^~~~~~~~
../Core/Src/button.c: In function 'SAVE':
../Core/Src/button.c:90:32: error: 'SAVE_GPIO_Port' undeclared (first use in this function)
   90 |    SAVE_key = HAL_GPIO_ReadPin(SAVE_GPIO_Port, SAVE_Pin);
      |                                ^~~~~~~~~~~~~~
../Core/Src/button.c:90:48: error: 'SAVE_Pin' undeclared (first use in this function)
   90 |    SAVE_key = HAL_GPIO_ReadPin(SAVE_GPIO_Port, SAVE_Pin);
      |                                                ^~~~~~~~
make: *** [Core/Src/subdir.mk:46: Core/Src/button.o] Error 1
"make -j12 all" terminated with exit code 2. Build might be incomplete.
20:48:55 **** Incremental Build of configuration Debug for project lab-4 ****
make -j12 all 
arm-none-eabi-gcc "../Core/Src/button.c" -mcpu=cortex-m3 -std=gnu11 -g3 -DDEBUG -DUSE_HAL_DRIVER -DSTM32F103x6 -c -I../Core/Inc -I../Drivers/STM32F1xx_HAL_Driver/Inc -I../Drivers/STM32F1xx_HAL_Driver/Inc/Legacy -I../Drivers/CMSIS/Device/ST/STM32F1xx/Include -I../Drivers/CMSIS/Include -O0 -ffunction-sections -fdata-sections -Wall -fstack-usage -MMD -MP -MF"Core/Src/button.d" -MT"Core/Src/button.o" --specs=nano.specs -mfloat-abi=soft -mthumb -o "Core/Src/button.o"
arm-none-eabi-gcc -o "lab-4.elf" @"objects.list"   -mcpu=cortex-m3 -T"D:\VXL-VDK\lab-4\lab-4\STM32F103C6UX_FLASH.ld" --specs=nosys.specs -Wl,-Map="lab-4.map" -Wl,--gc-sections -static --specs=nano.specs -mfloat-abi=soft -mthumb -Wl,--start-group -lc -lm -Wl,--end-group
Finished building target: lab-4.elf
 
arm-none-eabi-size   lab-4.elf 
arm-none-eabi-objdump -h -S  lab-4.elf  > "lab-4.list"
arm-none-eabi-objcopy  -O binary  lab-4.elf  "lab-4.bin"
   text	   data	    bss	    dec	    hex	filename
   3540	     20	   1572	   5132	   140c	lab-4.elf
Finished building: default.size.stdout
 
Finished building: lab-4.bin
Finished building: lab-4.list
 
 
21:03:02 **** Incremental Build of configuration Debug for project lab-4 ****
make -j12 all 
arm-none-eabi-gcc "../Core/Src/button.c" -mcpu=cortex-m3 -std=gnu11 -g3 -DDEBUG -DUSE_HAL_DRIVER -DSTM32F103x6 -c -I../Core/Inc -I../Drivers/STM32F1xx_HAL_Driver/Inc -I../Drivers/STM32F1xx_HAL_Driver/Inc/Legacy -I../Drivers/CMSIS/Device/ST/STM32F1xx/Include -I../Drivers/CMSIS/Include -O0 -ffunction-sections -fdata-sections -Wall -fstack-usage -MMD -MP -MF"Core/Src/button.d" -MT"Core/Src/button.o" --specs=nano.specs -mfloat-abi=soft -mthumb -o "Core/Src/button.o"
arm-none-eabi-gcc "../Core/Src/global.c" -mcpu=cortex-m3 -std=gnu11 -g3 -DDEBUG -DUSE_HAL_DRIVER -DSTM32F103x6 -c -I../Core/Inc -I../Drivers/STM32F1xx_HAL_Driver/Inc -I../Drivers/STM32F1xx_HAL_Driver/Inc/Legacy -I../Drivers/CMSIS/Device/ST/STM32F1xx/Include -I../Drivers/CMSIS/Include -O0 -ffunction-sections -fdata-sections -Wall -fstack-usage -MMD -MP -MF"Core/Src/global.d" -MT"Core/Src/global.o" --specs=nano.specs -mfloat-abi=soft -mthumb -o "Core/Src/global.o"
arm-none-eabi-gcc "../Core/Src/main.c" -mcpu=cortex-m3 -std=gnu11 -g3 -DDEBUG -DUSE_HAL_DRIVER -DSTM32F103x6 -c -I../Core/Inc -I../Drivers/STM32F1xx_HAL_Driver/Inc -I../Drivers/STM32F1xx_HAL_Driver/Inc/Legacy -I../Drivers/CMSIS/Device/ST/STM32F1xx/Include -I../Drivers/CMSIS/Include -O0 -ffunction-sections -fdata-sections -Wall -fstack-usage -MMD -MP -MF"Core/Src/main.d" -MT"Core/Src/main.o" --specs=nano.specs -mfloat-abi=soft -mthumb -o "Core/Src/main.o"
arm-none-eabi-gcc "../Core/Src/scheduler.c" -mcpu=cortex-m3 -std=gnu11 -g3 -DDEBUG -DUSE_HAL_DRIVER -DSTM32F103x6 -c -I../Core/Inc -I../Drivers/STM32F1xx_HAL_Driver/Inc -I../Drivers/STM32F1xx_HAL_Driver/Inc/Legacy -I../Drivers/CMSIS/Device/ST/STM32F1xx/Include -I../Drivers/CMSIS/Include -O0 -ffunction-sections -fdata-sections -Wall -fstack-usage -MMD -MP -MF"Core/Src/scheduler.d" -MT"Core/Src/scheduler.o" --specs=nano.specs -mfloat-abi=soft -mthumb -o "Core/Src/scheduler.o"
arm-none-eabi-gcc "../Core/Src/software_timer.c" -mcpu=cortex-m3 -std=gnu11 -g3 -DDEBUG -DUSE_HAL_DRIVER -DSTM32F103x6 -c -I../Core/Inc -I../Drivers/STM32F1xx_HAL_Driver/Inc -I../Drivers/STM32F1xx_HAL_Driver/Inc/Legacy -I../Drivers/CMSIS/Device/ST/STM32F1xx/Include -I../Drivers/CMSIS/Include -O0 -ffunction-sections -fdata-sections -Wall -fstack-usage -MMD -MP -MF"Core/Src/software_timer.d" -MT"Core/Src/software_timer.o" --specs=nano.specs -mfloat-abi=soft -mthumb -o "Core/Src/software_timer.o"
arm-none-eabi-gcc "../Core/Src/stm32f1xx_hal_msp.c" -mcpu=cortex-m3 -std=gnu11 -g3 -DDEBUG -DUSE_HAL_DRIVER -DSTM32F103x6 -c -I../Core/Inc -I../Drivers/STM32F1xx_HAL_Driver/Inc -I../Drivers/STM32F1xx_HAL_Driver/Inc/Legacy -I../Drivers/CMSIS/Device/ST/STM32F1xx/Include -I../Drivers/CMSIS/Include -O0 -ffunction-sections -fdata-sections -Wall -fstack-usage -MMD -MP -MF"Core/Src/stm32f1xx_hal_msp.d" -MT"Core/Src/stm32f1xx_hal_msp.o" --specs=nano.specs -mfloat-abi=soft -mthumb -o "Core/Src/stm32f1xx_hal_msp.o"
arm-none-eabi-gcc "../Core/Src/stm32f1xx_it.c" -mcpu=cortex-m3 -std=gnu11 -g3 -DDEBUG -DUSE_HAL_DRIVER -DSTM32F103x6 -c -I../Core/Inc -I../Drivers/STM32F1xx_HAL_Driver/Inc -I../Drivers/STM32F1xx_HAL_Driver/Inc/Legacy -I../Drivers/CMSIS/Device/ST/STM32F1xx/Include -I../Drivers/CMSIS/Include -O0 -ffunction-sections -fdata-sections -Wall -fstack-usage -MMD -MP -MF"Core/Src/stm32f1xx_it.d" -MT"Core/Src/stm32f1xx_it.o" --specs=nano.specs -mfloat-abi=soft -mthumb -o "Core/Src/stm32f1xx_it.o"
arm-none-eabi-gcc "../Core/Src/syscalls.c" -mcpu=cortex-m3 -std=gnu11 -g3 -DDEBUG -DUSE_HAL_DRIVER -DSTM32F103x6 -c -I../Core/Inc -I../Drivers/STM32F1xx_HAL_Driver/Inc -I../Drivers/STM32F1xx_HAL_Driver/Inc/Legacy -I../Drivers/CMSIS/Device/ST/STM32F1xx/Include -I../Drivers/CMSIS/Include -O0 -ffunction-sections -fdata-sections -Wall -fstack-usage -MMD -MP -MF"Core/Src/syscalls.d" -MT"Core/Src/syscalls.o" --specs=nano.specs -mfloat-abi=soft -mthumb -o "Core/Src/syscalls.o"
arm-none-eabi-gcc "../Core/Src/sysmem.c" -mcpu=cortex-m3 -std=gnu11 -g3 -DDEBUG -DUSE_HAL_DRIVER -DSTM32F103x6 -c -I../Core/Inc -I../Drivers/STM32F1xx_HAL_Driver/Inc -I../Drivers/STM32F1xx_HAL_Driver/Inc/Legacy -I../Drivers/CMSIS/Device/ST/STM32F1xx/Include -I../Drivers/CMSIS/Include -O0 -ffunction-sections -fdata-sections -Wall -fstack-usage -MMD -MP -MF"Core/Src/sysmem.d" -MT"Core/Src/sysmem.o" --specs=nano.specs -mfloat-abi=soft -mthumb -o "Core/Src/sysmem.o"
arm-none-eabi-gcc "../Core/Src/system_stm32f1xx.c" -mcpu=cortex-m3 -std=gnu11 -g3 -DDEBUG -DUSE_HAL_DRIVER -DSTM32F103x6 -c -I../Core/Inc -I../Drivers/STM32F1xx_HAL_Driver/Inc -I../Drivers/STM32F1xx_HAL_Driver/Inc/Legacy -I../Drivers/CMSIS/Device/ST/STM32F1xx/Include -I../Drivers/CMSIS/Include -O0 -ffunction-sections -fdata-sections -Wall -fstack-usage -MMD -MP -MF"Core/Src/system_stm32f1xx.d" -MT"Core/Src/system_stm32f1xx.o" --specs=nano.specs -mfloat-abi=soft -mthumb -o "Core/Src/system_stm32f1xx.o"
arm-none-eabi-gcc -o "lab-4.elf" @"objects.list"   -mcpu=cortex-m3 -T"D:\VXL-VDK\lab-4\lab-4\STM32F103C6UX_FLASH.ld" --specs=nosys.specs -Wl,-Map="lab-4.map" -Wl,--gc-sections -static --specs=nano.specs -mfloat-abi=soft -mthumb -Wl,--start-group -lc -lm -Wl,--end-group
Finished building target: lab-4.elf
 
arm-none-eabi-size   lab-4.elf 
arm-none-eabi-objdump -h -S  lab-4.elf  > "lab-4.list"
arm-none-eabi-objcopy  -O binary  lab-4.elf  "lab-4.bin"
   text	   data	    bss	    dec	    hex	filename
   3540	     20	   1572	   5132	   140c	lab-4.elf
Finished building: default.size.stdout
 
Finished building: lab-4.bin
Finished building: lab-4.list
 
 
21:15:08 **** Clean-only build of configuration Debug for project SCH ****
make -j12 clean 
rm -rf  default.size.stdout  lab-4.list  lab-4.elf  ./Drivers/STM32F1xx_HAL_Driver/Src/stm32f1xx_hal.o ./Drivers/STM32F1xx_HAL_Driver/Src/stm32f1xx_hal_cortex.o ./Drivers/STM32F1xx_HAL_Driver/Src/stm32f1xx_hal_dma.o ./Drivers/STM32F1xx_HAL_Driver/Src/stm32f1xx_hal_exti.o ./Drivers/STM32F1xx_HAL_Driver/Src/stm32f1xx_hal_flash.o ./Drivers/STM32F1xx_HAL_Driver/Src/stm32f1xx_hal_flash_ex.o ./Drivers/STM32F1xx_HAL_Driver/Src/stm32f1xx_hal_gpio.o ./Drivers/STM32F1xx_HAL_Driver/Src/stm32f1xx_hal_gpio_ex.o ./Drivers/STM32F1xx_HAL_Driver/Src/stm32f1xx_hal_pwr.o ./Drivers/STM32F1xx_HAL_Driver/Src/stm32f1xx_hal_rcc.o ./Drivers/STM32F1xx_HAL_Driver/Src/stm32f1xx_hal_rcc_ex.o ./Drivers/STM32F1xx_HAL_Driver/Src/stm32f1xx_hal_tim.o ./Drivers/STM32F1xx_HAL_Driver/Src/stm32f1xx_hal_tim_ex.o  ./Core/Startup/startup_stm32f103c6ux.o  ./Core/Src/button.o ./Core/Src/global.o ./Core/Src/main.o ./Core/Src/scheduler.o ./Core/Src/software_timer.o ./Core/Src/stm32f1xx_hal_msp.o ./Core/Src/stm32f1xx_it.o ./Core/Src/syscalls.o ./Core/Src/sysmem.o ./Core/Src/system_stm32f1xx.o  ./Core/Startup/startup_stm32f103c6ux.d  ./Drivers/STM32F1xx_HAL_Driver/Src/stm32f1xx_hal.d ./Drivers/STM32F1xx_HAL_Driver/Src/stm32f1xx_hal_cortex.d ./Drivers/STM32F1xx_HAL_Driver/Src/stm32f1xx_hal_dma.d ./Drivers/STM32F1xx_HAL_Driver/Src/stm32f1xx_hal_exti.d ./Drivers/STM32F1xx_HAL_Driver/Src/stm32f1xx_hal_flash.d ./Drivers/STM32F1xx_HAL_Driver/Src/stm32f1xx_hal_flash_ex.d ./Drivers/STM32F1xx_HAL_Driver/Src/stm32f1xx_hal_gpio.d ./Drivers/STM32F1xx_HAL_Driver/Src/stm32f1xx_hal_gpio_ex.d ./Drivers/STM32F1xx_HAL_Driver/Src/stm32f1xx_hal_pwr.d ./Drivers/STM32F1xx_HAL_Driver/Src/stm32f1xx_hal_rcc.d ./Drivers/STM32F1xx_HAL_Driver/Src/stm32f1xx_hal_rcc_ex.d ./Drivers/STM32F1xx_HAL_Driver/Src/stm32f1xx_hal_tim.d ./Drivers/STM32F1xx_HAL_Driver/Src/stm32f1xx_hal_tim_ex.d  ./Core/Src/button.d ./Core/Src/global.d ./Core/Src/main.d ./Core/Src/scheduler.d ./Core/Src/software_timer.d ./Core/Src/stm32f1xx_hal_msp.d ./Core/Src/stm32f1xx_it.d ./Core/Src/syscalls.d ./Core/Src/sysmem.d ./Core/Src/system_stm32f1xx.d  lab-4.bin  lab-4.elf
 
21:15:09 **** Build of configuration Debug for project SCH ****
make -j12 all 
arm-none-eabi-gcc "../Drivers/STM32F1xx_HAL_Driver/Src/stm32f1xx_hal.c" -mcpu=cortex-m3 -std=gnu11 -g3 -DDEBUG -DUSE_HAL_DRIVER -DSTM32F103x6 -c -I../Core/Inc -I../Drivers/STM32F1xx_HAL_Driver/Inc -I../Drivers/STM32F1xx_HAL_Driver/Inc/Legacy -I../Drivers/CMSIS/Device/ST/STM32F1xx/Include -I../Drivers/CMSIS/Include -O0 -ffunction-sections -fdata-sections -Wall -fstack-usage -MMD -MP -MF"Drivers/STM32F1xx_HAL_Driver/Src/stm32f1xx_hal.d" -MT"Drivers/STM32F1xx_HAL_Driver/Src/stm32f1xx_hal.o" --specs=nano.specs -mfloat-abi=soft -mthumb -o "Drivers/STM32F1xx_HAL_Driver/Src/stm32f1xx_hal.o"
arm-none-eabi-gcc "../Drivers/STM32F1xx_HAL_Driver/Src/stm32f1xx_hal_cortex.c" -mcpu=cortex-m3 -std=gnu11 -g3 -DDEBUG -DUSE_HAL_DRIVER -DSTM32F103x6 -c -I../Core/Inc -I../Drivers/STM32F1xx_HAL_Driver/Inc -I../Drivers/STM32F1xx_HAL_Driver/Inc/Legacy -I../Drivers/CMSIS/Device/ST/STM32F1xx/Include -I../Drivers/CMSIS/Include -O0 -ffunction-sections -fdata-sections -Wall -fstack-usage -MMD -MP -MF"Drivers/STM32F1xx_HAL_Driver/Src/stm32f1xx_hal_cortex.d" -MT"Drivers/STM32F1xx_HAL_Driver/Src/stm32f1xx_hal_cortex.o" --specs=nano.specs -mfloat-abi=soft -mthumb -o "Drivers/STM32F1xx_HAL_Driver/Src/stm32f1xx_hal_cortex.o"
arm-none-eabi-gcc "../Drivers/STM32F1xx_HAL_Driver/Src/stm32f1xx_hal_dma.c" -mcpu=cortex-m3 -std=gnu11 -g3 -DDEBUG -DUSE_HAL_DRIVER -DSTM32F103x6 -c -I../Core/Inc -I../Drivers/STM32F1xx_HAL_Driver/Inc -I../Drivers/STM32F1xx_HAL_Driver/Inc/Legacy -I../Drivers/CMSIS/Device/ST/STM32F1xx/Include -I../Drivers/CMSIS/Include -O0 -ffunction-sections -fdata-sections -Wall -fstack-usage -MMD -MP -MF"Drivers/STM32F1xx_HAL_Driver/Src/stm32f1xx_hal_dma.d" -MT"Drivers/STM32F1xx_HAL_Driver/Src/stm32f1xx_hal_dma.o" --specs=nano.specs -mfloat-abi=soft -mthumb -o "Drivers/STM32F1xx_HAL_Driver/Src/stm32f1xx_hal_dma.o"
arm-none-eabi-gcc "../Drivers/STM32F1xx_HAL_Driver/Src/stm32f1xx_hal_exti.c" -mcpu=cortex-m3 -std=gnu11 -g3 -DDEBUG -DUSE_HAL_DRIVER -DSTM32F103x6 -c -I../Core/Inc -I../Drivers/STM32F1xx_HAL_Driver/Inc -I../Drivers/STM32F1xx_HAL_Driver/Inc/Legacy -I../Drivers/CMSIS/Device/ST/STM32F1xx/Include -I../Drivers/CMSIS/Include -O0 -ffunction-sections -fdata-sections -Wall -fstack-usage -MMD -MP -MF"Drivers/STM32F1xx_HAL_Driver/Src/stm32f1xx_hal_exti.d" -MT"Drivers/STM32F1xx_HAL_Driver/Src/stm32f1xx_hal_exti.o" --specs=nano.specs -mfloat-abi=soft -mthumb -o "Drivers/STM32F1xx_HAL_Driver/Src/stm32f1xx_hal_exti.o"
arm-none-eabi-gcc "../Drivers/STM32F1xx_HAL_Driver/Src/stm32f1xx_hal_flash.c" -mcpu=cortex-m3 -std=gnu11 -g3 -DDEBUG -DUSE_HAL_DRIVER -DSTM32F103x6 -c -I../Core/Inc -I../Drivers/STM32F1xx_HAL_Driver/Inc -I../Drivers/STM32F1xx_HAL_Driver/Inc/Legacy -I../Drivers/CMSIS/Device/ST/STM32F1xx/Include -I../Drivers/CMSIS/Include -O0 -ffunction-sections -fdata-sections -Wall -fstack-usage -MMD -MP -MF"Drivers/STM32F1xx_HAL_Driver/Src/stm32f1xx_hal_flash.d" -MT"Drivers/STM32F1xx_HAL_Driver/Src/stm32f1xx_hal_flash.o" --specs=nano.specs -mfloat-abi=soft -mthumb -o "Drivers/STM32F1xx_HAL_Driver/Src/stm32f1xx_hal_flash.o"
arm-none-eabi-gcc "../Drivers/STM32F1xx_HAL_Driver/Src/stm32f1xx_hal_flash_ex.c" -mcpu=cortex-m3 -std=gnu11 -g3 -DDEBUG -DUSE_HAL_DRIVER -DSTM32F103x6 -c -I../Core/Inc -I../Drivers/STM32F1xx_HAL_Driver/Inc -I../Drivers/STM32F1xx_HAL_Driver/Inc/Legacy -I../Drivers/CMSIS/Device/ST/STM32F1xx/Include -I../Drivers/CMSIS/Include -O0 -ffunction-sections -fdata-sections -Wall -fstack-usage -MMD -MP -MF"Drivers/STM32F1xx_HAL_Driver/Src/stm32f1xx_hal_flash_ex.d" -MT"Drivers/STM32F1xx_HAL_Driver/Src/stm32f1xx_hal_flash_ex.o" --specs=nano.specs -mfloat-abi=soft -mthumb -o "Drivers/STM32F1xx_HAL_Driver/Src/stm32f1xx_hal_flash_ex.o"
arm-none-eabi-gcc "../Drivers/STM32F1xx_HAL_Driver/Src/stm32f1xx_hal_gpio.c" -mcpu=cortex-m3 -std=gnu11 -g3 -DDEBUG -DUSE_HAL_DRIVER -DSTM32F103x6 -c -I../Core/Inc -I../Drivers/STM32F1xx_HAL_Driver/Inc -I../Drivers/STM32F1xx_HAL_Driver/Inc/Legacy -I../Drivers/CMSIS/Device/ST/STM32F1xx/Include -I../Drivers/CMSIS/Include -O0 -ffunction-sections -fdata-sections -Wall -fstack-usage -MMD -MP -MF"Drivers/STM32F1xx_HAL_Driver/Src/stm32f1xx_hal_gpio.d" -MT"Drivers/STM32F1xx_HAL_Driver/Src/stm32f1xx_hal_gpio.o" --specs=nano.specs -mfloat-abi=soft -mthumb -o "Drivers/STM32F1xx_HAL_Driver/Src/stm32f1xx_hal_gpio.o"
arm-none-eabi-gcc "../Drivers/STM32F1xx_HAL_Driver/Src/stm32f1xx_hal_gpio_ex.c" -mcpu=cortex-m3 -std=gnu11 -g3 -DDEBUG -DUSE_HAL_DRIVER -DSTM32F103x6 -c -I../Core/Inc -I../Drivers/STM32F1xx_HAL_Driver/Inc -I../Drivers/STM32F1xx_HAL_Driver/Inc/Legacy -I../Drivers/CMSIS/Device/ST/STM32F1xx/Include -I../Drivers/CMSIS/Include -O0 -ffunction-sections -fdata-sections -Wall -fstack-usage -MMD -MP -MF"Drivers/STM32F1xx_HAL_Driver/Src/stm32f1xx_hal_gpio_ex.d" -MT"Drivers/STM32F1xx_HAL_Driver/Src/stm32f1xx_hal_gpio_ex.o" --specs=nano.specs -mfloat-abi=soft -mthumb -o "Drivers/STM32F1xx_HAL_Driver/Src/stm32f1xx_hal_gpio_ex.o"
arm-none-eabi-gcc "../Drivers/STM32F1xx_HAL_Driver/Src/stm32f1xx_hal_pwr.c" -mcpu=cortex-m3 -std=gnu11 -g3 -DDEBUG -DUSE_HAL_DRIVER -DSTM32F103x6 -c -I../Core/Inc -I../Drivers/STM32F1xx_HAL_Driver/Inc -I../Drivers/STM32F1xx_HAL_Driver/Inc/Legacy -I../Drivers/CMSIS/Device/ST/STM32F1xx/Include -I../Drivers/CMSIS/Include -O0 -ffunction-sections -fdata-sections -Wall -fstack-usage -MMD -MP -MF"Drivers/STM32F1xx_HAL_Driver/Src/stm32f1xx_hal_pwr.d" -MT"Drivers/STM32F1xx_HAL_Driver/Src/stm32f1xx_hal_pwr.o" --specs=nano.specs -mfloat-abi=soft -mthumb -o "Drivers/STM32F1xx_HAL_Driver/Src/stm32f1xx_hal_pwr.o"
arm-none-eabi-gcc "../Drivers/STM32F1xx_HAL_Driver/Src/stm32f1xx_hal_rcc.c" -mcpu=cortex-m3 -std=gnu11 -g3 -DDEBUG -DUSE_HAL_DRIVER -DSTM32F103x6 -c -I../Core/Inc -I../Drivers/STM32F1xx_HAL_Driver/Inc -I../Drivers/STM32F1xx_HAL_Driver/Inc/Legacy -I../Drivers/CMSIS/Device/ST/STM32F1xx/Include -I../Drivers/CMSIS/Include -O0 -ffunction-sections -fdata-sections -Wall -fstack-usage -MMD -MP -MF"Drivers/STM32F1xx_HAL_Driver/Src/stm32f1xx_hal_rcc.d" -MT"Drivers/STM32F1xx_HAL_Driver/Src/stm32f1xx_hal_rcc.o" --specs=nano.specs -mfloat-abi=soft -mthumb -o "Drivers/STM32F1xx_HAL_Driver/Src/stm32f1xx_hal_rcc.o"
arm-none-eabi-gcc "../Drivers/STM32F1xx_HAL_Driver/Src/stm32f1xx_hal_rcc_ex.c" -mcpu=cortex-m3 -std=gnu11 -g3 -DDEBUG -DUSE_HAL_DRIVER -DSTM32F103x6 -c -I../Core/Inc -I../Drivers/STM32F1xx_HAL_Driver/Inc -I../Drivers/STM32F1xx_HAL_Driver/Inc/Legacy -I../Drivers/CMSIS/Device/ST/STM32F1xx/Include -I../Drivers/CMSIS/Include -O0 -ffunction-sections -fdata-sections -Wall -fstack-usage -MMD -MP -MF"Drivers/STM32F1xx_HAL_Driver/Src/stm32f1xx_hal_rcc_ex.d" -MT"Drivers/STM32F1xx_HAL_Driver/Src/stm32f1xx_hal_rcc_ex.o" --specs=nano.specs -mfloat-abi=soft -mthumb -o "Drivers/STM32F1xx_HAL_Driver/Src/stm32f1xx_hal_rcc_ex.o"
arm-none-eabi-gcc "../Drivers/STM32F1xx_HAL_Driver/Src/stm32f1xx_hal_tim.c" -mcpu=cortex-m3 -std=gnu11 -g3 -DDEBUG -DUSE_HAL_DRIVER -DSTM32F103x6 -c -I../Core/Inc -I../Drivers/STM32F1xx_HAL_Driver/Inc -I../Drivers/STM32F1xx_HAL_Driver/Inc/Legacy -I../Drivers/CMSIS/Device/ST/STM32F1xx/Include -I../Drivers/CMSIS/Include -O0 -ffunction-sections -fdata-sections -Wall -fstack-usage -MMD -MP -MF"Drivers/STM32F1xx_HAL_Driver/Src/stm32f1xx_hal_tim.d" -MT"Drivers/STM32F1xx_HAL_Driver/Src/stm32f1xx_hal_tim.o" --specs=nano.specs -mfloat-abi=soft -mthumb -o "Drivers/STM32F1xx_HAL_Driver/Src/stm32f1xx_hal_tim.o"
arm-none-eabi-gcc "../Drivers/STM32F1xx_HAL_Driver/Src/stm32f1xx_hal_tim_ex.c" -mcpu=cortex-m3 -std=gnu11 -g3 -DDEBUG -DUSE_HAL_DRIVER -DSTM32F103x6 -c -I../Core/Inc -I../Drivers/STM32F1xx_HAL_Driver/Inc -I../Drivers/STM32F1xx_HAL_Driver/Inc/Legacy -I../Drivers/CMSIS/Device/ST/STM32F1xx/Include -I../Drivers/CMSIS/Include -O0 -ffunction-sections -fdata-sections -Wall -fstack-usage -MMD -MP -MF"Drivers/STM32F1xx_HAL_Driver/Src/stm32f1xx_hal_tim_ex.d" -MT"Drivers/STM32F1xx_HAL_Driver/Src/stm32f1xx_hal_tim_ex.o" --specs=nano.specs -mfloat-abi=soft -mthumb -o "Drivers/STM32F1xx_HAL_Driver/Src/stm32f1xx_hal_tim_ex.o"
arm-none-eabi-gcc -mcpu=cortex-m3 -g3 -DDEBUG -c -x assembler-with-cpp -MMD -MP -MF"Core/Startup/startup_stm32f103c6ux.d" -MT"Core/Startup/startup_stm32f103c6ux.o" --specs=nano.specs -mfloat-abi=soft -mthumb -o "Core/Startup/startup_stm32f103c6ux.o" "../Core/Startup/startup_stm32f103c6ux.s"
arm-none-eabi-gcc "../Core/Src/button.c" -mcpu=cortex-m3 -std=gnu11 -g3 -DDEBUG -DUSE_HAL_DRIVER -DSTM32F103x6 -c -I../Core/Inc -I../Drivers/STM32F1xx_HAL_Driver/Inc -I../Drivers/STM32F1xx_HAL_Driver/Inc/Legacy -I../Drivers/CMSIS/Device/ST/STM32F1xx/Include -I../Drivers/CMSIS/Include -O0 -ffunction-sections -fdata-sections -Wall -fstack-usage -MMD -MP -MF"Core/Src/button.d" -MT"Core/Src/button.o" --specs=nano.specs -mfloat-abi=soft -mthumb -o "Core/Src/button.o"
arm-none-eabi-gcc "../Core/Src/global.c" -mcpu=cortex-m3 -std=gnu11 -g3 -DDEBUG -DUSE_HAL_DRIVER -DSTM32F103x6 -c -I../Core/Inc -I../Drivers/STM32F1xx_HAL_Driver/Inc -I../Drivers/STM32F1xx_HAL_Driver/Inc/Legacy -I../Drivers/CMSIS/Device/ST/STM32F1xx/Include -I../Drivers/CMSIS/Include -O0 -ffunction-sections -fdata-sections -Wall -fstack-usage -MMD -MP -MF"Core/Src/global.d" -MT"Core/Src/global.o" --specs=nano.specs -mfloat-abi=soft -mthumb -o "Core/Src/global.o"
arm-none-eabi-gcc "../Core/Src/main.c" -mcpu=cortex-m3 -std=gnu11 -g3 -DDEBUG -DUSE_HAL_DRIVER -DSTM32F103x6 -c -I../Core/Inc -I../Drivers/STM32F1xx_HAL_Driver/Inc -I../Drivers/STM32F1xx_HAL_Driver/Inc/Legacy -I../Drivers/CMSIS/Device/ST/STM32F1xx/Include -I../Drivers/CMSIS/Include -O0 -ffunction-sections -fdata-sections -Wall -fstack-usage -MMD -MP -MF"Core/Src/main.d" -MT"Core/Src/main.o" --specs=nano.specs -mfloat-abi=soft -mthumb -o "Core/Src/main.o"
arm-none-eabi-gcc "../Core/Src/scheduler.c" -mcpu=cortex-m3 -std=gnu11 -g3 -DDEBUG -DUSE_HAL_DRIVER -DSTM32F103x6 -c -I../Core/Inc -I../Drivers/STM32F1xx_HAL_Driver/Inc -I../Drivers/STM32F1xx_HAL_Driver/Inc/Legacy -I../Drivers/CMSIS/Device/ST/STM32F1xx/Include -I../Drivers/CMSIS/Include -O0 -ffunction-sections -fdata-sections -Wall -fstack-usage -MMD -MP -MF"Core/Src/scheduler.d" -MT"Core/Src/scheduler.o" --specs=nano.specs -mfloat-abi=soft -mthumb -o "Core/Src/scheduler.o"
arm-none-eabi-gcc "../Core/Src/software_timer.c" -mcpu=cortex-m3 -std=gnu11 -g3 -DDEBUG -DUSE_HAL_DRIVER -DSTM32F103x6 -c -I../Core/Inc -I../Drivers/STM32F1xx_HAL_Driver/Inc -I../Drivers/STM32F1xx_HAL_Driver/Inc/Legacy -I../Drivers/CMSIS/Device/ST/STM32F1xx/Include -I../Drivers/CMSIS/Include -O0 -ffunction-sections -fdata-sections -Wall -fstack-usage -MMD -MP -MF"Core/Src/software_timer.d" -MT"Core/Src/software_timer.o" --specs=nano.specs -mfloat-abi=soft -mthumb -o "Core/Src/software_timer.o"
arm-none-eabi-gcc "../Core/Src/stm32f1xx_hal_msp.c" -mcpu=cortex-m3 -std=gnu11 -g3 -DDEBUG -DUSE_HAL_DRIVER -DSTM32F103x6 -c -I../Core/Inc -I../Drivers/STM32F1xx_HAL_Driver/Inc -I../Drivers/STM32F1xx_HAL_Driver/Inc/Legacy -I../Drivers/CMSIS/Device/ST/STM32F1xx/Include -I../Drivers/CMSIS/Include -O0 -ffunction-sections -fdata-sections -Wall -fstack-usage -MMD -MP -MF"Core/Src/stm32f1xx_hal_msp.d" -MT"Core/Src/stm32f1xx_hal_msp.o" --specs=nano.specs -mfloat-abi=soft -mthumb -o "Core/Src/stm32f1xx_hal_msp.o"
arm-none-eabi-gcc "../Core/Src/stm32f1xx_it.c" -mcpu=cortex-m3 -std=gnu11 -g3 -DDEBUG -DUSE_HAL_DRIVER -DSTM32F103x6 -c -I../Core/Inc -I../Drivers/STM32F1xx_HAL_Driver/Inc -I../Drivers/STM32F1xx_HAL_Driver/Inc/Legacy -I../Drivers/CMSIS/Device/ST/STM32F1xx/Include -I../Drivers/CMSIS/Include -O0 -ffunction-sections -fdata-sections -Wall -fstack-usage -MMD -MP -MF"Core/Src/stm32f1xx_it.d" -MT"Core/Src/stm32f1xx_it.o" --specs=nano.specs -mfloat-abi=soft -mthumb -o "Core/Src/stm32f1xx_it.o"
arm-none-eabi-gcc "../Core/Src/syscalls.c" -mcpu=cortex-m3 -std=gnu11 -g3 -DDEBUG -DUSE_HAL_DRIVER -DSTM32F103x6 -c -I../Core/Inc -I../Drivers/STM32F1xx_HAL_Driver/Inc -I../Drivers/STM32F1xx_HAL_Driver/Inc/Legacy -I../Drivers/CMSIS/Device/ST/STM32F1xx/Include -I../Drivers/CMSIS/Include -O0 -ffunction-sections -fdata-sections -Wall -fstack-usage -MMD -MP -MF"Core/Src/syscalls.d" -MT"Core/Src/syscalls.o" --specs=nano.specs -mfloat-abi=soft -mthumb -o "Core/Src/syscalls.o"
arm-none-eabi-gcc "../Core/Src/sysmem.c" -mcpu=cortex-m3 -std=gnu11 -g3 -DDEBUG -DUSE_HAL_DRIVER -DSTM32F103x6 -c -I../Core/Inc -I../Drivers/STM32F1xx_HAL_Driver/Inc -I../Drivers/STM32F1xx_HAL_Driver/Inc/Legacy -I../Drivers/CMSIS/Device/ST/STM32F1xx/Include -I../Drivers/CMSIS/Include -O0 -ffunction-sections -fdata-sections -Wall -fstack-usage -MMD -MP -MF"Core/Src/sysmem.d" -MT"Core/Src/sysmem.o" --specs=nano.specs -mfloat-abi=soft -mthumb -o "Core/Src/sysmem.o"
arm-none-eabi-gcc "../Core/Src/system_stm32f1xx.c" -mcpu=cortex-m3 -std=gnu11 -g3 -DDEBUG -DUSE_HAL_DRIVER -DSTM32F103x6 -c -I../Core/Inc -I../Drivers/STM32F1xx_HAL_Driver/Inc -I../Drivers/STM32F1xx_HAL_Driver/Inc/Legacy -I../Drivers/CMSIS/Device/ST/STM32F1xx/Include -I../Drivers/CMSIS/Include -O0 -ffunction-sections -fdata-sections -Wall -fstack-usage -MMD -MP -MF"Core/Src/system_stm32f1xx.d" -MT"Core/Src/system_stm32f1xx.o" --specs=nano.specs -mfloat-abi=soft -mthumb -o "Core/Src/system_stm32f1xx.o"
../Core/Src/main.c:59:6: error: conflicting types for 'HAL_TIM_PeriodElapsedCallback'
   59 | void HAL_TIM_PeriodElapsedCallback(TIM_Base_InitTypeDef *htim){
      |      ^~~~~~~~~~~~~~~~~~~~~~~~~~~~~
In file included from ../Core/Inc/stm32f1xx_hal_conf.h:333,
                 from ../Drivers/STM32F1xx_HAL_Driver/Inc/stm32f1xx_hal.h:30,
                 from ../Core/Inc/main.h:31,
                 from ../Core/Src/main.c:21:
../Drivers/STM32F1xx_HAL_Driver/Inc/stm32f1xx_hal_tim.h:2043:6: note: previous declaration of 'HAL_TIM_PeriodElapsedCallback' was here
 2043 | void HAL_TIM_PeriodElapsedCallback(TIM_HandleTypeDef *htim);
      |      ^~~~~~~~~~~~~~~~~~~~~~~~~~~~~
../Core/Src/main.c: In function 'main':
../Core/Src/main.c:102:16: error: invalid use of void expression
  102 |   SCH_Add_Task(testLED(), 100, 200);
      |                ^~~~~~~~~
make: *** [Core/Src/subdir.mk:46: Core/Src/main.o] Error 1
make: *** Waiting for unfinished jobs....
"make -j12 all" terminated with exit code 2. Build might be incomplete.
21:15:39 **** Incremental Build of configuration Debug for project SCH ****
make -j12 all 
arm-none-eabi-gcc "../Core/Src/main.c" -mcpu=cortex-m3 -std=gnu11 -g3 -DDEBUG -DUSE_HAL_DRIVER -DSTM32F103x6 -c -I../Core/Inc -I../Drivers/STM32F1xx_HAL_Driver/Inc -I../Drivers/STM32F1xx_HAL_Driver/Inc/Legacy -I../Drivers/CMSIS/Device/ST/STM32F1xx/Include -I../Drivers/CMSIS/Include -O0 -ffunction-sections -fdata-sections -Wall -fstack-usage -MMD -MP -MF"Core/Src/main.d" -MT"Core/Src/main.o" --specs=nano.specs -mfloat-abi=soft -mthumb -o "Core/Src/main.o"
../Core/Src/main.c:59:6: error: conflicting types for 'HAL_TIM_PeriodElapsedCallback'
   59 | void HAL_TIM_PeriodElapsedCallback(TIM_Base_InitTypeDef *htim){
      |      ^~~~~~~~~~~~~~~~~~~~~~~~~~~~~
In file included from ../Core/Inc/stm32f1xx_hal_conf.h:333,
                 from ../Drivers/STM32F1xx_HAL_Driver/Inc/stm32f1xx_hal.h:30,
                 from ../Core/Inc/main.h:31,
                 from ../Core/Src/main.c:21:
../Drivers/STM32F1xx_HAL_Driver/Inc/stm32f1xx_hal_tim.h:2043:6: note: previous declaration of 'HAL_TIM_PeriodElapsedCallback' was here
 2043 | void HAL_TIM_PeriodElapsedCallback(TIM_HandleTypeDef *htim);
      |      ^~~~~~~~~~~~~~~~~~~~~~~~~~~~~
../Core/Src/main.c: In function 'main':
../Core/Src/main.c:102:16: error: invalid use of void expression
  102 |   SCH_Add_Task(testLED(), 100, 200);
      |                ^~~~~~~~~
make: *** [Core/Src/subdir.mk:46: Core/Src/main.o] Error 1
"make -j12 all" terminated with exit code 2. Build might be incomplete.
21:16:35 **** Incremental Build of configuration Debug for project SCH ****
make -j12 all 
arm-none-eabi-gcc "../Core/Src/main.c" -mcpu=cortex-m3 -std=gnu11 -g3 -DDEBUG -DUSE_HAL_DRIVER -DSTM32F103x6 -c -I../Core/Inc -I../Drivers/STM32F1xx_HAL_Driver/Inc -I../Drivers/STM32F1xx_HAL_Driver/Inc/Legacy -I../Drivers/CMSIS/Device/ST/STM32F1xx/Include -I../Drivers/CMSIS/Include -O0 -ffunction-sections -fdata-sections -Wall -fstack-usage -MMD -MP -MF"Core/Src/main.d" -MT"Core/Src/main.o" --specs=nano.specs -mfloat-abi=soft -mthumb -o "Core/Src/main.o"
../Core/Src/main.c:59:6: error: conflicting types for 'HAL_TIM_PeriodElapsedCallback'
   59 | void HAL_TIM_PeriodElapsedCallback(TIM_Base_InitTypeDef *htim){
      |      ^~~~~~~~~~~~~~~~~~~~~~~~~~~~~
In file included from ../Core/Inc/stm32f1xx_hal_conf.h:333,
                 from ../Drivers/STM32F1xx_HAL_Driver/Inc/stm32f1xx_hal.h:30,
                 from ../Core/Inc/main.h:31,
                 from ../Core/Src/main.c:21:
../Drivers/STM32F1xx_HAL_Driver/Inc/stm32f1xx_hal_tim.h:2043:6: note: previous declaration of 'HAL_TIM_PeriodElapsedCallback' was here
 2043 | void HAL_TIM_PeriodElapsedCallback(TIM_HandleTypeDef *htim);
      |      ^~~~~~~~~~~~~~~~~~~~~~~~~~~~~
make: *** [Core/Src/subdir.mk:46: Core/Src/main.o] Error 1
"make -j12 all" terminated with exit code 2. Build might be incomplete.
21:18:55 **** Incremental Build of configuration Debug for project SCH ****
make -j12 all 
arm-none-eabi-gcc "../Core/Src/main.c" -mcpu=cortex-m3 -std=gnu11 -g3 -DDEBUG -DUSE_HAL_DRIVER -DSTM32F103x6 -c -I../Core/Inc -I../Drivers/STM32F1xx_HAL_Driver/Inc -I../Drivers/STM32F1xx_HAL_Driver/Inc/Legacy -I../Drivers/CMSIS/Device/ST/STM32F1xx/Include -I../Drivers/CMSIS/Include -O0 -ffunction-sections -fdata-sections -Wall -fstack-usage -MMD -MP -MF"Core/Src/main.d" -MT"Core/Src/main.o" --specs=nano.specs -mfloat-abi=soft -mthumb -o "Core/Src/main.o"
arm-none-eabi-gcc -o "SCH.elf" @"objects.list"   -mcpu=cortex-m3 -T"D:\VXL-VDK\lab-4\lab-4\STM32F103C6UX_FLASH.ld" --specs=nosys.specs -Wl,-Map="SCH.map" -Wl,--gc-sections -static --specs=nano.specs -mfloat-abi=soft -mthumb -Wl,--start-group -lc -lm -Wl,--end-group
Finished building target: SCH.elf
 
arm-none-eabi-size   SCH.elf 
arm-none-eabi-objdump -h -S  SCH.elf  > "SCH.list"
arm-none-eabi-objcopy  -O binary  SCH.elf  "SCH.bin"
   text	   data	    bss	    dec	    hex	filename
   7472	     20	   2444	   9936	   26d0	SCH.elf
Finished building: default.size.stdout
 
Finished building: SCH.bin
 
Finished building: SCH.list
 
21:19:07 **** Incremental Build of configuration Debug for project SCH ****
make -j12 all 
arm-none-eabi-size   SCH.elf 
   text	   data	    bss	    dec	    hex	filename
   7472	     20	   2444	   9936	   26d0	SCH.elf
Finished building: default.size.stdout
 
21:19:12 **** Incremental Build of configuration Debug for project SCH ****
make -j12 all 
arm-none-eabi-size   SCH.elf 
   text	   data	    bss	    dec	    hex	filename
   7472	     20	   2444	   9936	   26d0	SCH.elf
Finished building: default.size.stdout
 
21:19:43 **** Incremental Build of configuration Debug for project SCH ****
make -j12 all 
arm-none-eabi-size   SCH.elf 
   text	   data	    bss	    dec	    hex	filename
   7472	     20	   2444	   9936	   26d0	SCH.elf
Finished building: default.size.stdout
 
21:19:52 **** Incremental Build of configuration Debug for project SCH ****
make -j12 all 
arm-none-eabi-size   SCH.elf 
   text	   data	    bss	    dec	    hex	filename
   7472	     20	   2444	   9936	   26d0	SCH.elf
Finished building: default.size.stdout
 
21:20:25 **** Incremental Build of configuration Debug for project SCH ****
make -j12 all 
arm-none-eabi-size   SCH.elf 
   text	   data	    bss	    dec	    hex	filename
   7472	     20	   2444	   9936	   26d0	SCH.elf
Finished building: default.size.stdout
 
21:20:55 **** Incremental Build of configuration Debug for project SCH ****
make -j12 all 
arm-none-eabi-gcc -o "SCH.elf" @"objects.list"   -mcpu=cortex-m3 -T"D:\VXL-VDK\lab-4\lab-4\STM32F103C6UX_FLASH.ld" --specs=nosys.specs -Wl,-Map="SCH.map" -Wl,--gc-sections -static --specs=nano.specs -mfloat-abi=soft -mthumb -Wl,--start-group -lc -lm -Wl,--end-group
Finished building target: SCH.elf
 
arm-none-eabi-size   SCH.elf 
arm-none-eabi-objdump -h -S  SCH.elf  > "SCH.list"
arm-none-eabi-objcopy  -O ihex  SCH.elf  "SCH.hex"
arm-none-eabi-objcopy  -O binary  SCH.elf  "SCH.bin"
   text	   data	    bss	    dec	    hex	filename
   7472	     20	   2444	   9936	   26d0	SCH.elf
Finished building: default.size.stdout
 
Finished building: SCH.hex
Finished building: SCH.bin
 
Finished building: SCH.list
 
 
21:22:41 **** Incremental Build of configuration Debug for project SCH ****
make -j12 all 
arm-none-eabi-size   SCH.elf 
   text	   data	    bss	    dec	    hex	filename
   7472	     20	   2444	   9936	   26d0	SCH.elf
Finished building: default.size.stdout
 
21:23:19 **** Incremental Build of configuration Debug for project SCH ****
make -j12 all 
arm-none-eabi-size   SCH.elf 
   text	   data	    bss	    dec	    hex	filename
   7472	     20	   2444	   9936	   26d0	SCH.elf
Finished building: default.size.stdout
 
21:25:17 **** Incremental Build of configuration Debug for project SCH ****
make -j12 all 
arm-none-eabi-gcc "../Core/Src/scheduler.c" -mcpu=cortex-m3 -std=gnu11 -g3 -DDEBUG -DUSE_HAL_DRIVER -DSTM32F103x6 -c -I../Core/Inc -I../Drivers/STM32F1xx_HAL_Driver/Inc -I../Drivers/STM32F1xx_HAL_Driver/Inc/Legacy -I../Drivers/CMSIS/Device/ST/STM32F1xx/Include -I../Drivers/CMSIS/Include -O0 -ffunction-sections -fdata-sections -Wall -fstack-usage -MMD -MP -MF"Core/Src/scheduler.d" -MT"Core/Src/scheduler.o" --specs=nano.specs -mfloat-abi=soft -mthumb -o "Core/Src/scheduler.o"
arm-none-eabi-gcc -o "SCH.elf" @"objects.list"   -mcpu=cortex-m3 -T"D:\VXL-VDK\lab-4\lab-4\STM32F103C6UX_FLASH.ld" --specs=nosys.specs -Wl,-Map="SCH.map" -Wl,--gc-sections -static --specs=nano.specs -mfloat-abi=soft -mthumb -Wl,--start-group -lc -lm -Wl,--end-group
Finished building target: SCH.elf
 
arm-none-eabi-size   SCH.elf 
arm-none-eabi-objdump -h -S  SCH.elf  > "SCH.list"
arm-none-eabi-objcopy  -O ihex  SCH.elf  "SCH.hex"
arm-none-eabi-objcopy  -O binary  SCH.elf  "SCH.bin"
   text	   data	    bss	    dec	    hex	filename
   7472	     20	   2444	   9936	   26d0	SCH.elf
Finished building: default.size.stdout
 
Finished building: SCH.hex
Finished building: SCH.bin
 
 
Finished building: SCH.list
 
21:30:34 **** Incremental Build of configuration Debug for project SCH ****
make -j12 all 
arm-none-eabi-gcc "../Core/Src/main.c" -mcpu=cortex-m3 -std=gnu11 -g3 -DDEBUG -DUSE_HAL_DRIVER -DSTM32F103x6 -c -I../Core/Inc -I../Drivers/STM32F1xx_HAL_Driver/Inc -I../Drivers/STM32F1xx_HAL_Driver/Inc/Legacy -I../Drivers/CMSIS/Device/ST/STM32F1xx/Include -I../Drivers/CMSIS/Include -O0 -ffunction-sections -fdata-sections -Wall -fstack-usage -MMD -MP -MF"Core/Src/main.d" -MT"Core/Src/main.o" --specs=nano.specs -mfloat-abi=soft -mthumb -o "Core/Src/main.o"
arm-none-eabi-gcc -o "SCH.elf" @"objects.list"   -mcpu=cortex-m3 -T"D:\VXL-VDK\lab-4\lab-4\STM32F103C6UX_FLASH.ld" --specs=nosys.specs -Wl,-Map="SCH.map" -Wl,--gc-sections -static --specs=nano.specs -mfloat-abi=soft -mthumb -Wl,--start-group -lc -lm -Wl,--end-group
Finished building target: SCH.elf
 
arm-none-eabi-size   SCH.elf 
arm-none-eabi-objdump -h -S  SCH.elf  > "SCH.list"
arm-none-eabi-objcopy  -O ihex  SCH.elf  "SCH.hex"
arm-none-eabi-objcopy  -O binary  SCH.elf  "SCH.bin"
   text	   data	    bss	    dec	    hex	filename
   6892	     24	   1640	   8556	   216c	SCH.elf
Finished building: default.size.stdout
 
Finished building: SCH.hex
Finished building: SCH.bin
 
 
Finished building: SCH.list
 
21:30:38 **** Incremental Build of configuration Debug for project SCH ****
make -j12 all 
arm-none-eabi-size   SCH.elf 
   text	   data	    bss	    dec	    hex	filename
   6892	     24	   1640	   8556	   216c	SCH.elf
Finished building: default.size.stdout
 
21:31:40 **** Incremental Build of configuration Debug for project SCH ****
make -j12 all 
arm-none-eabi-size   SCH.elf 
   text	   data	    bss	    dec	    hex	filename
   6892	     24	   1640	   8556	   216c	SCH.elf
Finished building: default.size.stdout
 
21:31:47 **** Incremental Build of configuration Debug for project SCH ****
make -j12 all 
arm-none-eabi-size   SCH.elf 
   text	   data	    bss	    dec	    hex	filename
   6892	     24	   1640	   8556	   216c	SCH.elf
Finished building: default.size.stdout
 
21:32:32 **** Incremental Build of configuration Debug for project SCH ****
make -j12 all 
arm-none-eabi-gcc "../Core/Src/main.c" -mcpu=cortex-m3 -std=gnu11 -g3 -DDEBUG -DUSE_HAL_DRIVER -DSTM32F103x6 -c -I../Core/Inc -I../Drivers/STM32F1xx_HAL_Driver/Inc -I../Drivers/STM32F1xx_HAL_Driver/Inc/Legacy -I../Drivers/CMSIS/Device/ST/STM32F1xx/Include -I../Drivers/CMSIS/Include -O0 -ffunction-sections -fdata-sections -Wall -fstack-usage -MMD -MP -MF"Core/Src/main.d" -MT"Core/Src/main.o" --specs=nano.specs -mfloat-abi=soft -mthumb -o "Core/Src/main.o"
arm-none-eabi-gcc -o "SCH.elf" @"objects.list"   -mcpu=cortex-m3 -T"D:\VXL-VDK\lab-4\lab-4\STM32F103C6UX_FLASH.ld" --specs=nosys.specs -Wl,-Map="SCH.map" -Wl,--gc-sections -static --specs=nano.specs -mfloat-abi=soft -mthumb -Wl,--start-group -lc -lm -Wl,--end-group
Finished building target: SCH.elf
 
arm-none-eabi-size   SCH.elf 
arm-none-eabi-objdump -h -S  SCH.elf  > "SCH.list"
arm-none-eabi-objcopy  -O ihex  SCH.elf  "SCH.hex"
arm-none-eabi-objcopy  -O binary  SCH.elf  "SCH.bin"
   text	   data	    bss	    dec	    hex	filename
   7472	     20	   2444	   9936	   26d0	SCH.elf
Finished building: default.size.stdout
 
Finished building: SCH.hex
Finished building: SCH.bin
 
 
Finished building: SCH.list
 
21:32:52 **** Incremental Build of configuration Debug for project SCH ****
make -j12 all 
arm-none-eabi-gcc "../Core/Src/main.c" -mcpu=cortex-m3 -std=gnu11 -g3 -DDEBUG -DUSE_HAL_DRIVER -DSTM32F103x6 -c -I../Core/Inc -I../Drivers/STM32F1xx_HAL_Driver/Inc -I../Drivers/STM32F1xx_HAL_Driver/Inc/Legacy -I../Drivers/CMSIS/Device/ST/STM32F1xx/Include -I../Drivers/CMSIS/Include -O0 -ffunction-sections -fdata-sections -Wall -fstack-usage -MMD -MP -MF"Core/Src/main.d" -MT"Core/Src/main.o" --specs=nano.specs -mfloat-abi=soft -mthumb -o "Core/Src/main.o"
../Core/Src/main.c: In function 'main':
../Core/Src/main.c:103:16: error: invalid use of void expression
  103 |   SCH_Add_Task(testLED(), 100, 200);
      |                ^~~~~~~~~
make: *** [Core/Src/subdir.mk:46: Core/Src/main.o] Error 1
"make -j12 all" terminated with exit code 2. Build might be incomplete.
21:33:26 **** Incremental Build of configuration Debug for project SCH ****
make -j12 all 
arm-none-eabi-gcc "../Core/Src/main.c" -mcpu=cortex-m3 -std=gnu11 -g3 -DDEBUG -DUSE_HAL_DRIVER -DSTM32F103x6 -c -I../Core/Inc -I../Drivers/STM32F1xx_HAL_Driver/Inc -I../Drivers/STM32F1xx_HAL_Driver/Inc/Legacy -I../Drivers/CMSIS/Device/ST/STM32F1xx/Include -I../Drivers/CMSIS/Include -O0 -ffunction-sections -fdata-sections -Wall -fstack-usage -MMD -MP -MF"Core/Src/main.d" -MT"Core/Src/main.o" --specs=nano.specs -mfloat-abi=soft -mthumb -o "Core/Src/main.o"
arm-none-eabi-gcc -o "SCH.elf" @"objects.list"   -mcpu=cortex-m3 -T"D:\VXL-VDK\lab-4\lab-4\STM32F103C6UX_FLASH.ld" --specs=nosys.specs -Wl,-Map="SCH.map" -Wl,--gc-sections -static --specs=nano.specs -mfloat-abi=soft -mthumb -Wl,--start-group -lc -lm -Wl,--end-group
Finished building target: SCH.elf
 
arm-none-eabi-size   SCH.elf 
arm-none-eabi-objdump -h -S  SCH.elf  > "SCH.list"
arm-none-eabi-objcopy  -O ihex  SCH.elf  "SCH.hex"
arm-none-eabi-objcopy  -O binary  SCH.elf  "SCH.bin"
   text	   data	    bss	    dec	    hex	filename
   7472	     20	   2444	   9936	   26d0	SCH.elf
Finished building: default.size.stdout
 
Finished building: SCH.hex
Finished building: SCH.bin
 
 
Finished building: SCH.list
 
21:37:00 **** Incremental Build of configuration Debug for project SCH ****
make -j12 all 
arm-none-eabi-size   SCH.elf 
   text	   data	    bss	    dec	    hex	filename
   7472	     20	   2444	   9936	   26d0	SCH.elf
Finished building: default.size.stdout
 
21:43:33 **** Incremental Build of configuration Debug for project SCH ****
make -j12 all 
arm-none-eabi-gcc "../Core/Src/main.c" -mcpu=cortex-m3 -std=gnu11 -g3 -DDEBUG -DUSE_HAL_DRIVER -DSTM32F103x6 -c -I../Core/Inc -I../Drivers/STM32F1xx_HAL_Driver/Inc -I../Drivers/STM32F1xx_HAL_Driver/Inc/Legacy -I../Drivers/CMSIS/Device/ST/STM32F1xx/Include -I../Drivers/CMSIS/Include -O0 -ffunction-sections -fdata-sections -Wall -fstack-usage -MMD -MP -MF"Core/Src/main.d" -MT"Core/Src/main.o" --specs=nano.specs -mfloat-abi=soft -mthumb -o "Core/Src/main.o"
arm-none-eabi-gcc "../Core/Src/scheduler.c" -mcpu=cortex-m3 -std=gnu11 -g3 -DDEBUG -DUSE_HAL_DRIVER -DSTM32F103x6 -c -I../Core/Inc -I../Drivers/STM32F1xx_HAL_Driver/Inc -I../Drivers/STM32F1xx_HAL_Driver/Inc/Legacy -I../Drivers/CMSIS/Device/ST/STM32F1xx/Include -I../Drivers/CMSIS/Include -O0 -ffunction-sections -fdata-sections -Wall -fstack-usage -MMD -MP -MF"Core/Src/scheduler.d" -MT"Core/Src/scheduler.o" --specs=nano.specs -mfloat-abi=soft -mthumb -o "Core/Src/scheduler.o"
arm-none-eabi-gcc -o "SCH.elf" @"objects.list"   -mcpu=cortex-m3 -T"D:\VXL-VDK\lab-4\lab-4\STM32F103C6UX_FLASH.ld" --specs=nosys.specs -Wl,-Map="SCH.map" -Wl,--gc-sections -static --specs=nano.specs -mfloat-abi=soft -mthumb -Wl,--start-group -lc -lm -Wl,--end-group
Finished building target: SCH.elf
 
arm-none-eabi-size   SCH.elf 
arm-none-eabi-objdump -h -S  SCH.elf  > "SCH.list"
arm-none-eabi-objcopy  -O ihex  SCH.elf  "SCH.hex"
   text	   data	    bss	    dec	    hex	filename
   7392	     20	   2444	   9856	   2680	SCH.elf
arm-none-eabi-objcopy  -O binary  SCH.elf  "SCH.bin"
Finished building: default.size.stdout
 
Finished building: SCH.bin
Finished building: SCH.hex
 
 
Finished building: SCH.list
 
21:02:06 **** Incremental Build of configuration Debug for project SCH ****
make -j12 all 
arm-none-eabi-gcc "../Core/Src/main.c" -mcpu=cortex-m3 -std=gnu11 -g3 -DDEBUG -DUSE_HAL_DRIVER -DSTM32F103x6 -c -I../Core/Inc -I../Drivers/STM32F1xx_HAL_Driver/Inc -I../Drivers/STM32F1xx_HAL_Driver/Inc/Legacy -I../Drivers/CMSIS/Device/ST/STM32F1xx/Include -I../Drivers/CMSIS/Include -O0 -ffunction-sections -fdata-sections -Wall -fstack-usage -MMD -MP -MF"Core/Src/main.d" -MT"Core/Src/main.o" --specs=nano.specs -mfloat-abi=soft -mthumb -o "Core/Src/main.o"
arm-none-eabi-gcc "../Core/Src/scheduler.c" -mcpu=cortex-m3 -std=gnu11 -g3 -DDEBUG -DUSE_HAL_DRIVER -DSTM32F103x6 -c -I../Core/Inc -I../Drivers/STM32F1xx_HAL_Driver/Inc -I../Drivers/STM32F1xx_HAL_Driver/Inc/Legacy -I../Drivers/CMSIS/Device/ST/STM32F1xx/Include -I../Drivers/CMSIS/Include -O0 -ffunction-sections -fdata-sections -Wall -fstack-usage -MMD -MP -MF"Core/Src/scheduler.d" -MT"Core/Src/scheduler.o" --specs=nano.specs -mfloat-abi=soft -mthumb -o "Core/Src/scheduler.o"
In file included from ../Core/Src/scheduler.c:8:
../Core/Inc/scheduler.h:32:28: error: unknown type name 'tByte'
   32 | void SCH_Delete_Task(const tByte TASK_INDEX);
      |                            ^~~~~
../Core/Src/scheduler.c: In function 'SCH_Init':
../Core/Src/scheduler.c:16:3: warning: implicit declaration of function 'SCH_Delete' [-Wimplicit-function-declaration]
   16 |   SCH_Delete(i);
      |   ^~~~~~~~~~
../Core/Src/scheduler.c: At top level:
../Core/Src/scheduler.c:20:6: error: conflicting types for 'SCH_Add_Task'
   20 | void SCH_Add_Task(void (* pFunction)(), unsigned int DELAY, unsigned int PERIOD)
      |      ^~~~~~~~~~~~
In file included from ../Core/Src/scheduler.c:8:
../Core/Inc/scheduler.h:26:6: note: previous declaration of 'SCH_Add_Task' was here
   26 | void SCH_Add_Task ( void (*pFunction)() , uint32_t DELAY, uint32_t PERIOD);
      |      ^~~~~~~~~~~~
../Core/Src/scheduler.c: In function 'SCH_Add_Task':
../Core/Src/scheduler.c:29:9: error: 'Error_code_G' undeclared (first use in this function)
   29 |         Error_code_G = ERROR_SCH_TOO_MANY_TASKS;
      |         ^~~~~~~~~~~~
../Core/Src/scheduler.c:29:9: note: each undeclared identifier is reported only once for each function it appears in
../Core/Src/scheduler.c:29:24: error: 'ERROR_SCH_TOO_MANY_TASKS' undeclared (first use in this function)
   29 |         Error_code_G = ERROR_SCH_TOO_MANY_TASKS;
      |                        ^~~~~~~~~~~~~~~~~~~~~~~~
In file included from ../Core/Src/scheduler.c:8:
../Core/Inc/scheduler.h:21:23: warning: 'return' with a value, in function returning void [-Wreturn-type]
   21 | #define SCH_MAX_TASKS 40
      |                       ^~
../Core/Src/scheduler.c:30:16: note: in expansion of macro 'SCH_MAX_TASKS'
   30 |         return SCH_MAX_TASKS;
      |                ^~~~~~~~~~~~~
../Core/Src/scheduler.c:20:6: note: declared here
   20 | void SCH_Add_Task(void (* pFunction)(), unsigned int DELAY, unsigned int PERIOD)
      |      ^~~~~~~~~~~~
../Core/Src/scheduler.c: At top level:
../Core/Src/scheduler.c:69:28: error: unknown type name 'tByte'
   69 | void SCH_Delete_Task(const tByte TASK_INDEX){
      |                            ^~~~~
make: *** [Core/Src/subdir.mk:46: Core/Src/scheduler.o] Error 1
make: *** Waiting for unfinished jobs....
In file included from ../Core/Src/main.c:25:
../Core/Inc/scheduler.h:32:28: error: unknown type name 'tByte'
   32 | void SCH_Delete_Task(const tByte TASK_INDEX);
      |                            ^~~~~
make: *** [Core/Src/subdir.mk:46: Core/Src/main.o] Error 1
"make -j12 all" terminated with exit code 2. Build might be incomplete.
21:03:19 **** Incremental Build of configuration Debug for project SCH ****
make -j12 all 
arm-none-eabi-gcc "../Core/Src/main.c" -mcpu=cortex-m3 -std=gnu11 -g3 -DDEBUG -DUSE_HAL_DRIVER -DSTM32F103x6 -c -I../Core/Inc -I../Drivers/STM32F1xx_HAL_Driver/Inc -I../Drivers/STM32F1xx_HAL_Driver/Inc/Legacy -I../Drivers/CMSIS/Device/ST/STM32F1xx/Include -I../Drivers/CMSIS/Include -O0 -ffunction-sections -fdata-sections -Wall -fstack-usage -MMD -MP -MF"Core/Src/main.d" -MT"Core/Src/main.o" --specs=nano.specs -mfloat-abi=soft -mthumb -o "Core/Src/main.o"
arm-none-eabi-gcc "../Core/Src/scheduler.c" -mcpu=cortex-m3 -std=gnu11 -g3 -DDEBUG -DUSE_HAL_DRIVER -DSTM32F103x6 -c -I../Core/Inc -I../Drivers/STM32F1xx_HAL_Driver/Inc -I../Drivers/STM32F1xx_HAL_Driver/Inc/Legacy -I../Drivers/CMSIS/Device/ST/STM32F1xx/Include -I../Drivers/CMSIS/Include -O0 -ffunction-sections -fdata-sections -Wall -fstack-usage -MMD -MP -MF"Core/Src/scheduler.d" -MT"Core/Src/scheduler.o" --specs=nano.specs -mfloat-abi=soft -mthumb -o "Core/Src/scheduler.o"
In file included from ../Core/Src/scheduler.c:8:
../Core/Inc/scheduler.h:32:28: error: unknown type name 'tByte'
   32 | void SCH_Delete_Task(const tByte TASK_INDEX);
      |                            ^~~~~
../Core/Src/scheduler.c: In function 'SCH_Init':
../Core/Src/scheduler.c:16:3: warning: implicit declaration of function 'SCH_Delete' [-Wimplicit-function-declaration]
   16 |   SCH_Delete(i);
      |   ^~~~~~~~~~
../Core/Src/scheduler.c: At top level:
../Core/Src/scheduler.c:20:6: error: conflicting types for 'SCH_Add_Task'
   20 | void SCH_Add_Task(void (* pFunction)(), unsigned int DELAY, unsigned int PERIOD)
      |      ^~~~~~~~~~~~
In file included from ../Core/Src/scheduler.c:8:
../Core/Inc/scheduler.h:26:6: note: previous declaration of 'SCH_Add_Task' was here
   26 | void SCH_Add_Task ( void (*pFunction)() , uint32_t DELAY, uint32_t PERIOD);
      |      ^~~~~~~~~~~~
../Core/Src/scheduler.c: In function 'SCH_Add_Task':
../Core/Src/scheduler.c:29:9: error: 'Error_code_G' undeclared (first use in this function)
   29 |         Error_code_G = ERROR_SCH_TOO_MANY_TASKS;
      |         ^~~~~~~~~~~~
../Core/Src/scheduler.c:29:9: note: each undeclared identifier is reported only once for each function it appears in
../Core/Src/scheduler.c:29:24: error: 'ERROR_SCH_TOO_MANY_TASKS' undeclared (first use in this function)
   29 |         Error_code_G = ERROR_SCH_TOO_MANY_TASKS;
      |                        ^~~~~~~~~~~~~~~~~~~~~~~~
In file included from ../Core/Src/scheduler.c:8:
../Core/Inc/scheduler.h:21:23: warning: 'return' with a value, in function returning void [-Wreturn-type]
   21 | #define SCH_MAX_TASKS 40
      |                       ^~
../Core/Src/scheduler.c:30:16: note: in expansion of macro 'SCH_MAX_TASKS'
   30 |         return SCH_MAX_TASKS;
      |                ^~~~~~~~~~~~~
../Core/Src/scheduler.c:20:6: note: declared here
   20 | void SCH_Add_Task(void (* pFunction)(), unsigned int DELAY, unsigned int PERIOD)
      |      ^~~~~~~~~~~~
make: *** [Core/Src/subdir.mk:46: Core/Src/scheduler.o] Error 1
make: *** Waiting for unfinished jobs....
In file included from ../Core/Src/main.c:25:
../Core/Inc/scheduler.h:32:28: error: unknown type name 'tByte'
   32 | void SCH_Delete_Task(const tByte TASK_INDEX);
      |                            ^~~~~
make: *** [Core/Src/subdir.mk:46: Core/Src/main.o] Error 1
"make -j12 all" terminated with exit code 2. Build might be incomplete.
21:11:10 **** Incremental Build of configuration Debug for project SCH ****
make -j12 all 
arm-none-eabi-gcc "../Core/Src/main.c" -mcpu=cortex-m3 -std=gnu11 -g3 -DDEBUG -DUSE_HAL_DRIVER -DSTM32F103x6 -c -I../Core/Inc -I../Drivers/STM32F1xx_HAL_Driver/Inc -I../Drivers/STM32F1xx_HAL_Driver/Inc/Legacy -I../Drivers/CMSIS/Device/ST/STM32F1xx/Include -I../Drivers/CMSIS/Include -O0 -ffunction-sections -fdata-sections -Wall -fstack-usage -MMD -MP -MF"Core/Src/main.d" -MT"Core/Src/main.o" --specs=nano.specs -mfloat-abi=soft -mthumb -o "Core/Src/main.o"
arm-none-eabi-gcc "../Core/Src/scheduler.c" -mcpu=cortex-m3 -std=gnu11 -g3 -DDEBUG -DUSE_HAL_DRIVER -DSTM32F103x6 -c -I../Core/Inc -I../Drivers/STM32F1xx_HAL_Driver/Inc -I../Drivers/STM32F1xx_HAL_Driver/Inc/Legacy -I../Drivers/CMSIS/Device/ST/STM32F1xx/Include -I../Drivers/CMSIS/Include -O0 -ffunction-sections -fdata-sections -Wall -fstack-usage -MMD -MP -MF"Core/Src/scheduler.d" -MT"Core/Src/scheduler.o" --specs=nano.specs -mfloat-abi=soft -mthumb -o "Core/Src/scheduler.o"
In file included from ../Core/Src/scheduler.c:8:
../Core/Inc/scheduler.h:32:28: error: unknown type name 'tByte'
[...]
arm-none-eabi-gcc -o "SCH.elf" @"objects.list"   -mcpu=cortex-m3 -T"D:\VXL-VDK\lab-4\lab-4\STM32F103C6UX_FLASH.ld" --specs=nosys.specs -Wl,-Map="SCH.map" -Wl,--gc-sections -static --specs=nano.specs -mfloat-abi=soft -mthumb -Wl,--start-group -lc -lm -Wl,--end-group
Finished building target: SCH.elf
 
arm-none-eabi-size   SCH.elf 
arm-none-eabi-objdump -h -S  SCH.elf  > "SCH.list"
arm-none-eabi-objcopy  -O ihex  SCH.elf  "SCH.hex"
arm-none-eabi-objcopy  -O binary  SCH.elf  "SCH.bin"
   text	   data	    bss	    dec	    hex	filename
   7432	     36	   2452	   9920	   26c0	SCH.elf
Finished building: default.size.stdout
 
Finished building: SCH.hex
Finished building: SCH.bin
 
 
Finished building: SCH.list
 
23:39:35 **** Incremental Build of configuration Debug for project SCH ****
make -j12 all 
arm-none-eabi-gcc "../Core/Src/main.c" -mcpu=cortex-m3 -std=gnu11 -g3 -DDEBUG -DUSE_HAL_DRIVER -DSTM32F103x6 -c -I../Core/Inc -I../Drivers/STM32F1xx_HAL_Driver/Inc -I../Drivers/STM32F1xx_HAL_Driver/Inc/Legacy -I../Drivers/CMSIS/Device/ST/STM32F1xx/Include -I../Drivers/CMSIS/Include -O0 -ffunction-sections -fdata-sections -Wall -fstack-usage -MMD -MP -MF"Core/Src/main.d" -MT"Core/Src/main.o" --specs=nano.specs -mfloat-abi=soft -mthumb -o "Core/Src/main.o"
../Core/Src/main.c: In function 'main':
../Core/Src/main.c:130:5: error: 'SCH_De' undeclared (first use in this function)
  130 |     SCH_De
      |     ^~~~~~
../Core/Src/main.c:130:5: note: each undeclared identifier is reported only once for each function it appears in
../Core/Src/main.c:130:11: error: expected ';' before '}' token
  130 |     SCH_De
      |           ^
      |           ;
  131 |    }
      |    ~       
make: *** [Core/Src/subdir.mk:46: Core/Src/main.o] Error 1
"make -j12 all" terminated with exit code 2. Build might be incomplete.
23:39:59 **** Incremental Build of configuration Debug for project SCH ****
make -j12 all 
arm-none-eabi-gcc "../Core/Src/main.c" -mcpu=cortex-m3 -std=gnu11 -g3 -DDEBUG -DUSE_HAL_DRIVER -DSTM32F103x6 -c -I../Core/Inc -I../Drivers/STM32F1xx_HAL_Driver/Inc -I../Drivers/STM32F1xx_HAL_Driver/Inc/Legacy -I../Drivers/CMSIS/Device/ST/STM32F1xx/Include -I../Drivers/CMSIS/Include -O0 -ffunction-sections -fdata-sections -Wall -fstack-usage -MMD -MP -MF"Core/Src/main.d" -MT"Core/Src/main.o" --specs=nano.specs -mfloat-abi=soft -mthumb -o "Core/Src/main.o"
arm-none-eabi-gcc -o "SCH.elf" @"objects.list"   -mcpu=cortex-m3 -T"D:\VXL-VDK\lab-4\lab-4\STM32F103C6UX_FLASH.ld" --specs=nosys.specs -Wl,-Map="SCH.map" -Wl,--gc-sections -static --specs=nano.specs -mfloat-abi=soft -mthumb -Wl,--start-group -lc -lm -Wl,--end-group
Finished building target: SCH.elf
 
arm-none-eabi-size   SCH.elf 
arm-none-eabi-objdump -h -S  SCH.elf  > "SCH.list"
arm-none-eabi-objcopy  -O ihex  SCH.elf  "SCH.hex"
arm-none-eabi-objcopy  -O binary  SCH.elf  "SCH.bin"
   text	   data	    bss	    dec	    hex	filename
   7904	     36	   2452	  10392	   2898	SCH.elf
Finished building: default.size.stdout
 
Finished building: SCH.hex
Finished building: SCH.bin
 
 
Finished building: SCH.list
 
23:40:46 **** Incremental Build of configuration Debug for project SCH ****
make -j12 all 
arm-none-eabi-size   SCH.elf 
   text	   data	    bss	    dec	    hex	filename
   7904	     36	   2452	  10392	   2898	SCH.elf
Finished building: default.size.stdout
 
23:41:07 **** Incremental Build of configuration Debug for project SCH ****
make -j12 all 
arm-none-eabi-gcc "../Core/Src/main.c" -mcpu=cortex-m3 -std=gnu11 -g3 -DDEBUG -DUSE_HAL_DRIVER -DSTM32F103x6 -c -I../Core/Inc -I../Drivers/STM32F1xx_HAL_Driver/Inc -I../Drivers/STM32F1xx_HAL_Driver/Inc/Legacy -I../Drivers/CMSIS/Device/ST/STM32F1xx/Include -I../Drivers/CMSIS/Include -O0 -ffunction-sections -fdata-sections -Wall -fstack-usage -MMD -MP -MF"Core/Src/main.d" -MT"Core/Src/main.o" --specs=nano.specs -mfloat-abi=soft -mthumb -o "Core/Src/main.o"
arm-none-eabi-gcc -o "SCH.elf" @"objects.list"   -mcpu=cortex-m3 -T"D:\VXL-VDK\lab-4\lab-4\STM32F103C6UX_FLASH.ld" --specs=nosys.specs -Wl,-Map="SCH.map" -Wl,--gc-sections -static --specs=nano.specs -mfloat-abi=soft -mthumb -Wl,--start-group -lc -lm -Wl,--end-group
Finished building target: SCH.elf
 
arm-none-eabi-size   SCH.elf 
arm-none-eabi-objdump -h -S  SCH.elf  > "SCH.list"
arm-none-eabi-objcopy  -O ihex  SCH.elf  "SCH.hex"
arm-none-eabi-objcopy  -O binary  SCH.elf  "SCH.bin"
   text	   data	    bss	    dec	    hex	filename
   7732	     36	   2452	  10220	   27ec	SCH.elf
Finished building: default.size.stdout
 
Finished building: SCH.hex
Finished building: SCH.bin
 
 
Finished building: SCH.list
 
23:41:24 **** Incremental Build of configuration Debug for project SCH ****
make -j12 all 
arm-none-eabi-size   SCH.elf 
   text	   data	    bss	    dec	    hex	filename
   7732	     36	   2452	  10220	   27ec	SCH.elf
Finished building: default.size.stdout
 
23:42:46 **** Incremental Build of configuration Debug for project SCH ****
make -j12 all 
arm-none-eabi-gcc "../Core/Src/scheduler.c" -mcpu=cortex-m3 -std=gnu11 -g3 -DDEBUG -DUSE_HAL_DRIVER -DSTM32F103x6 -c -I../Core/Inc -I../Drivers/STM32F1xx_HAL_Driver/Inc -I../Drivers/STM32F1xx_HAL_Driver/Inc/Legacy -I../Drivers/CMSIS/Device/ST/STM32F1xx/Include -I../Drivers/CMSIS/Include -O0 -ffunction-sections -fdata-sections -Wall -fstack-usage -MMD -MP -MF"Core/Src/scheduler.d" -MT"Core/Src/scheduler.o" --specs=nano.specs -mfloat-abi=soft -mthumb -o "Core/Src/scheduler.o"
../Core/Src/scheduler.c: In function 'SCH_Delete_Task':
../Core/Src/scheduler.c:59:15: error: 'current_index_taskD' undeclared (first use in this function); did you mean 'current_index_task'?
   59 |   SCH_tasks_G[current_index_taskD].RunMe = 0;
      |               ^~~~~~~~~~~~~~~~~~~
      |               current_index_task
../Core/Src/scheduler.c:59:15: note: each undeclared identifier is reported only once for each function it appears in
make: *** [Core/Src/subdir.mk:46: Core/Src/scheduler.o] Error 1
"make -j12 all" terminated with exit code 2. Build might be incomplete.
23:43:07 **** Incremental Build of configuration Debug for project SCH ****
make -j12 all 
arm-none-eabi-gcc "../Core/Src/scheduler.c" -mcpu=cortex-m3 -std=gnu11 -g3 -DDEBUG -DUSE_HAL_DRIVER -DSTM32F103x6 -c -I../Core/Inc -I../Drivers/STM32F1xx_HAL_Driver/Inc -I../Drivers/STM32F1xx_HAL_Driver/Inc/Legacy -I../Drivers/CMSIS/Device/ST/STM32F1xx/Include -I../Drivers/CMSIS/Include -O0 -ffunction-sections -fdata-sections -Wall -fstack-usage -MMD -MP -MF"Core/Src/scheduler.d" -MT"Core/Src/scheduler.o" --specs=nano.specs -mfloat-abi=soft -mthumb -o "Core/Src/scheduler.o"
arm-none-eabi-gcc -o "SCH.elf" @"objects.list"   -mcpu=cortex-m3 -T"D:\VXL-VDK\lab-4\lab-4\STM32F103C6UX_FLASH.ld" --specs=nosys.specs -Wl,-Map="SCH.map" -Wl,--gc-sections -static --specs=nano.specs -mfloat-abi=soft -mthumb -Wl,--start-group -lc -lm -Wl,--end-group
Finished building target: SCH.elf
 
arm-none-eabi-size   SCH.elf 
arm-none-eabi-objdump -h -S  SCH.elf  > "SCH.list"
arm-none-eabi-objcopy  -O ihex  SCH.elf  "SCH.hex"
arm-none-eabi-objcopy  -O binary  SCH.elf  "SCH.bin"
   text	   data	    bss	    dec	    hex	filename
   7732	     36	   2452	  10220	   27ec	SCH.elf
Finished building: default.size.stdout
 
Finished building: SCH.hex
Finished building: SCH.bin
 
 
Finished building: SCH.list
 
23:44:58 **** Incremental Build of configuration Debug for project SCH ****
make -j12 all 
arm-none-eabi-gcc "../Core/Src/main.c" -mcpu=cortex-m3 -std=gnu11 -g3 -DDEBUG -DUSE_HAL_DRIVER -DSTM32F103x6 -c -I../Core/Inc -I../Drivers/STM32F1xx_HAL_Driver/Inc -I../Drivers/STM32F1xx_HAL_Driver/Inc/Legacy -I../Drivers/CMSIS/Device/ST/STM32F1xx/Include -I../Drivers/CMSIS/Include -O0 -ffunction-sections -fdata-sections -Wall -fstack-usage -MMD -MP -MF"Core/Src/main.d" -MT"Core/Src/main.o" --specs=nano.specs -mfloat-abi=soft -mthumb -o "Core/Src/main.o"
arm-none-eabi-gcc "../Core/Src/scheduler.c" -mcpu=cortex-m3 -std=gnu11 -g3 -DDEBUG -DUSE_HAL_DRIVER -DSTM32F103x6 -c -I../Core/Inc -I../Drivers/STM32F1xx_HAL_Driver/Inc -I../Drivers/STM32F1xx_HAL_Driver/Inc/Legacy -I../Drivers/CMSIS/Device/ST/STM32F1xx/Include -I../Drivers/CMSIS/Include -O0 -ffunction-sections -fdata-sections -Wall -fstack-usage -MMD -MP -MF"Core/Src/scheduler.d" -MT"Core/Src/scheduler.o" --specs=nano.specs -mfloat-abi=soft -mthumb -o "Core/Src/scheduler.o"
arm-none-eabi-gcc -o "SCH.elf" @"objects.list"   -mcpu=cortex-m3 -T"D:\VXL-VDK\lab-4\lab-4\STM32F103C6UX_FLASH.ld" --specs=nosys.specs -Wl,-Map="SCH.map" -Wl,--gc-sections -static --specs=nano.specs -mfloat-abi=soft -mthumb -Wl,--start-group -lc -lm -Wl,--end-group
Finished building target: SCH.elf
 
arm-none-eabi-size   SCH.elf 
arm-none-eabi-objdump -h -S  SCH.elf  > "SCH.list"
arm-none-eabi-objcopy  -O ihex  SCH.elf  "SCH.hex"
arm-none-eabi-objcopy  -O binary  SCH.elf  "SCH.bin"
   text	   data	    bss	    dec	    hex	filename
   7548	     20	   2444	  10012	   271c	SCH.elf
Finished building: default.size.stdout
 
Finished building: SCH.hex
Finished building: SCH.bin
 
 
Finished building: SCH.list
 
23:48:52 **** Incremental Build of configuration Debug for project SCH ****
make -j12 all 
arm-none-eabi-gcc "../Core/Src/main.c" -mcpu=cortex-m3 -std=gnu11 -g3 -DDEBUG -DUSE_HAL_DRIVER -DSTM32F103x6 -c -I../Core/Inc -I../Drivers/STM32F1xx_HAL_Driver/Inc -I../Drivers/STM32F1xx_HAL_Driver/Inc/Legacy -I../Drivers/CMSIS/Device/ST/STM32F1xx/Include -I../Drivers/CMSIS/Include -O0 -ffunction-sections -fdata-sections -Wall -fstack-usage -MMD -MP -MF"Core/Src/main.d" -MT"Core/Src/main.o" --specs=nano.specs -mfloat-abi=soft -mthumb -o "Core/Src/main.o"
arm-none-eabi-gcc -o "SCH.elf" @"objects.list"   -mcpu=cortex-m3 -T"D:\VXL-VDK\lab-4\lab-4\STM32F103C6UX_FLASH.ld" --specs=nosys.specs -Wl,-Map="SCH.map" -Wl,--gc-sections -static --specs=nano.specs -mfloat-abi=soft -mthumb -Wl,--start-group -lc -lm -Wl,--end-group
Finished building target: SCH.elf
 
arm-none-eabi-size   SCH.elf 
arm-none-eabi-objdump -h -S  SCH.elf  > "SCH.list"
arm-none-eabi-objcopy  -O ihex  SCH.elf  "SCH.hex"
arm-none-eabi-objcopy  -O binary  SCH.elf  "SCH.bin"
   text	   data	    bss	    dec	    hex	filename
   7776	     20	   2444	  10240	   2800	SCH.elf
Finished building: default.size.stdout
 
Finished building: SCH.hex
Finished building: SCH.bin
 
 
Finished building: SCH.list
 
23:53:45 **** Incremental Build of configuration Debug for project SCH ****
make -j12 all 
arm-none-eabi-gcc "../Core/Src/main.c" -mcpu=cortex-m3 -std=gnu11 -g3 -DDEBUG -DUSE_HAL_DRIVER -DSTM32F103x6 -c -I../Core/Inc -I../Drivers/STM32F1xx_HAL_Driver/Inc -I../Drivers/STM32F1xx_HAL_Driver/Inc/Legacy -I../Drivers/CMSIS/Device/ST/STM32F1xx/Include -I../Drivers/CMSIS/Include -O0 -ffunction-sections -fdata-sections -Wall -fstack-usage -MMD -MP -MF"Core/Src/main.d" -MT"Core/Src/main.o" --specs=nano.specs -mfloat-abi=soft -mthumb -o "Core/Src/main.o"
arm-none-eabi-gcc "../Core/Src/scheduler.c" -mcpu=cortex-m3 -std=gnu11 -g3 -DDEBUG -DUSE_HAL_DRIVER -DSTM32F103x6 -c -I../Core/Inc -I../Drivers/STM32F1xx_HAL_Driver/Inc -I../Drivers/STM32F1xx_HAL_Driver/Inc/Legacy -I../Drivers/CMSIS/Device/ST/STM32F1xx/Include -I../Drivers/CMSIS/Include -O0 -ffunction-sections -fdata-sections -Wall -fstack-usage -MMD -MP -MF"Core/Src/scheduler.d" -MT"Core/Src/scheduler.o" --specs=nano.specs -mfloat-abi=soft -mthumb -o "Core/Src/scheduler.o"
arm-none-eabi-gcc -o "SCH.elf" @"objects.list"   -mcpu=cortex-m3 -T"D:\VXL-VDK\lab-4\lab-4\STM32F103C6UX_FLASH.ld" --specs=nosys.specs -Wl,-Map="SCH.map" -Wl,--gc-sections -static --specs=nano.specs -mfloat-abi=soft -mthumb -Wl,--start-group -lc -lm -Wl,--end-group
Finished building target: SCH.elf
 
arm-none-eabi-size   SCH.elf 
arm-none-eabi-objdump -h -S  SCH.elf  > "SCH.list"
arm-none-eabi-objcopy  -O ihex  SCH.elf  "SCH.hex"
arm-none-eabi-objcopy  -O binary  SCH.elf  "SCH.bin"
   text	   data	    bss	    dec	    hex	filename
   7812	     20	   2444	  10276	   2824	SCH.elf
Finished building: default.size.stdout
 
Finished building: SCH.hex
Finished building: SCH.bin
 
 
Finished building: SCH.list
 
23:54:40 **** Incremental Build of configuration Debug for project SCH ****
make -j12 all 
arm-none-eabi-gcc "../Core/Src/scheduler.c" -mcpu=cortex-m3 -std=gnu11 -g3 -DDEBUG -DUSE_HAL_DRIVER -DSTM32F103x6 -c -I../Core/Inc -I../Drivers/STM32F1xx_HAL_Driver/Inc -I../Drivers/STM32F1xx_HAL_Driver/Inc/Legacy -I../Drivers/CMSIS/Device/ST/STM32F1xx/Include -I../Drivers/CMSIS/Include -O0 -ffunction-sections -fdata-sections -Wall -fstack-usage -MMD -MP -MF"Core/Src/scheduler.d" -MT"Core/Src/scheduler.o" --specs=nano.specs -mfloat-abi=soft -mthumb -o "Core/Src/scheduler.o"
arm-none-eabi-gcc -o "SCH.elf" @"objects.list"   -mcpu=cortex-m3 -T"D:\VXL-VDK\lab-4\lab-4\STM32F103C6UX_FLASH.ld" --specs=nosys.specs -Wl,-Map="SCH.map" -Wl,--gc-sections -static --specs=nano.specs -mfloat-abi=soft -mthumb -Wl,--start-group -lc -lm -Wl,--end-group
Finished building target: SCH.elf
 
arm-none-eabi-size   SCH.elf 
arm-none-eabi-objdump -h -S  SCH.elf  > "SCH.list"
arm-none-eabi-objcopy  -O ihex  SCH.elf  "SCH.hex"
arm-none-eabi-objcopy  -O binary  SCH.elf  "SCH.bin"
   text	   data	    bss	    dec	    hex	filename
   7816	     20	   2444	  10280	   2828	SCH.elf
Finished building: default.size.stdout
 
Finished building: SCH.hex
Finished building: SCH.bin
 
 
Finished building: SCH.list
 
23:56:11 **** Incremental Build of configuration Debug for project SCH ****
make -j12 all 
arm-none-eabi-gcc "../Core/Src/scheduler.c" -mcpu=cortex-m3 -std=gnu11 -g3 -DDEBUG -DUSE_HAL_DRIVER -DSTM32F103x6 -c -I../Core/Inc -I../Drivers/STM32F1xx_HAL_Driver/Inc -I../Drivers/STM32F1xx_HAL_Driver/Inc/Legacy -I../Drivers/CMSIS/Device/ST/STM32F1xx/Include -I../Drivers/CMSIS/Include -O0 -ffunction-sections -fdata-sections -Wall -fstack-usage -MMD -MP -MF"Core/Src/scheduler.d" -MT"Core/Src/scheduler.o" --specs=nano.specs -mfloat-abi=soft -mthumb -o "Core/Src/scheduler.o"
arm-none-eabi-gcc -o "SCH.elf" @"objects.list"   -mcpu=cortex-m3 -T"D:\VXL-VDK\lab-4\lab-4\STM32F103C6UX_FLASH.ld" --specs=nosys.specs -Wl,-Map="SCH.map" -Wl,--gc-sections -static --specs=nano.specs -mfloat-abi=soft -mthumb -Wl,--start-group -lc -lm -Wl,--end-group
Finished building target: SCH.elf
 
arm-none-eabi-size   SCH.elf 
arm-none-eabi-objdump -h -S  SCH.elf  > "SCH.list"
arm-none-eabi-objcopy  -O ihex  SCH.elf  "SCH.hex"
arm-none-eabi-objcopy  -O binary  SCH.elf  "SCH.bin"
   text	   data	    bss	    dec	    hex	filename
   7832	     20	   2444	  10296	   2838	SCH.elf
Finished building: default.size.stdout
 
Finished building: SCH.hex
Finished building: SCH.bin
 
 
Finished building: SCH.list
 
23:57:05 **** Incremental Build of configuration Debug for project SCH ****
make -j12 all 
arm-none-eabi-gcc "../Core/Src/main.c" -mcpu=cortex-m3 -std=gnu11 -g3 -DDEBUG -DUSE_HAL_DRIVER -DSTM32F103x6 -c -I../Core/Inc -I../Drivers/STM32F1xx_HAL_Driver/Inc -I../Drivers/STM32F1xx_HAL_Driver/Inc/Legacy -I../Drivers/CMSIS/Device/ST/STM32F1xx/Include -I../Drivers/CMSIS/Include -O0 -ffunction-sections -fdata-sections -Wall -fstack-usage -MMD -MP -MF"Core/Src/main.d" -MT"Core/Src/main.o" --specs=nano.specs -mfloat-abi=soft -mthumb -o "Core/Src/main.o"
arm-none-eabi-gcc -o "SCH.elf" @"objects.list"   -mcpu=cortex-m3 -T"D:\VXL-VDK\lab-4\lab-4\STM32F103C6UX_FLASH.ld" --specs=nosys.specs -Wl,-Map="SCH.map" -Wl,--gc-sections -static --specs=nano.specs -mfloat-abi=soft -mthumb -Wl,--start-group -lc -lm -Wl,--end-group
Finished building target: SCH.elf
 
arm-none-eabi-size   SCH.elf 
arm-none-eabi-objdump -h -S  SCH.elf  > "SCH.list"
arm-none-eabi-objcopy  -O ihex  SCH.elf  "SCH.hex"
arm-none-eabi-objcopy  -O binary  SCH.elf  "SCH.bin"
   text	   data	    bss	    dec	    hex	filename
   7840	     20	   2444	  10304	   2840	SCH.elf
Finished building: default.size.stdout
 
Finished building: SCH.hex
Finished building: SCH.bin
 
 
Finished building: SCH.list
 
23:57:24 **** Incremental Build of configuration Debug for project SCH ****
make -j12 all 
arm-none-eabi-gcc "../Core/Src/main.c" -mcpu=cortex-m3 -std=gnu11 -g3 -DDEBUG -DUSE_HAL_DRIVER -DSTM32F103x6 -c -I../Core/Inc -I../Drivers/STM32F1xx_HAL_Driver/Inc -I../Drivers/STM32F1xx_HAL_Driver/Inc/Legacy -I../Drivers/CMSIS/Device/ST/STM32F1xx/Include -I../Drivers/CMSIS/Include -O0 -ffunction-sections -fdata-sections -Wall -fstack-usage -MMD -MP -MF"Core/Src/main.d" -MT"Core/Src/main.o" --specs=nano.specs -mfloat-abi=soft -mthumb -o "Core/Src/main.o"
arm-none-eabi-gcc -o "SCH.elf" @"objects.list"   -mcpu=cortex-m3 -T"D:\VXL-VDK\lab-4\lab-4\STM32F103C6UX_FLASH.ld" --specs=nosys.specs -Wl,-Map="SCH.map" -Wl,--gc-sections -static --specs=nano.specs -mfloat-abi=soft -mthumb -Wl,--start-group -lc -lm -Wl,--end-group
Finished building target: SCH.elf
 
arm-none-eabi-size   SCH.elf 
arm-none-eabi-objdump -h -S  SCH.elf  > "SCH.list"
arm-none-eabi-objcopy  -O ihex  SCH.elf  "SCH.hex"
arm-none-eabi-objcopy  -O binary  SCH.elf  "SCH.bin"
   text	   data	    bss	    dec	    hex	filename
   7840	     20	   2444	  10304	   2840	SCH.elf
Finished building: default.size.stdout
 
Finished building: SCH.hex
Finished building: SCH.bin
 
 
Finished building: SCH.list
 
00:00:07 **** Incremental Build of configuration Debug for project SCH ****
make -j12 all 
arm-none-eabi-gcc "../Core/Src/main.c" -mcpu=cortex-m3 -std=gnu11 -g3 -DDEBUG -DUSE_HAL_DRIVER -DSTM32F103x6 -c -I../Core/Inc -I../Drivers/STM32F1xx_HAL_Driver/Inc -I../Drivers/STM32F1xx_HAL_Driver/Inc/Legacy -I../Drivers/CMSIS/Device/ST/STM32F1xx/Include -I../Drivers/CMSIS/Include -O0 -ffunction-sections -fdata-sections -Wall -fstack-usage -MMD -MP -MF"Core/Src/main.d" -MT"Core/Src/main.o" --specs=nano.specs -mfloat-abi=soft -mthumb -o "Core/Src/main.o"
arm-none-eabi-gcc -o "SCH.elf" @"objects.list"   -mcpu=cortex-m3 -T"D:\VXL-VDK\lab-4\lab-4\STM32F103C6UX_FLASH.ld" --specs=nosys.specs -Wl,-Map="SCH.map" -Wl,--gc-sections -static --specs=nano.specs -mfloat-abi=soft -mthumb -Wl,--start-group -lc -lm -Wl,--end-group
Finished building target: SCH.elf
 
arm-none-eabi-size   SCH.elf 
arm-none-eabi-objdump -h -S  SCH.elf  > "SCH.list"
arm-none-eabi-objcopy  -O ihex  SCH.elf  "SCH.hex"
arm-none-eabi-objcopy  -O binary  SCH.elf  "SCH.bin"
   text	   data	    bss	    dec	    hex	filename
   7840	     20	   2444	  10304	   2840	SCH.elf
Finished building: default.size.stdout
 
Finished building: SCH.hex
Finished building: SCH.bin
 
 
Finished building: SCH.list
 
00:00:48 **** Incremental Build of configuration Debug for project SCH ****
make -j12 all 
arm-none-eabi-gcc "../Core/Src/main.c" -mcpu=cortex-m3 -std=gnu11 -g3 -DDEBUG -DUSE_HAL_DRIVER -DSTM32F103x6 -c -I../Core/Inc -I../Drivers/STM32F1xx_HAL_Driver/Inc -I../Drivers/STM32F1xx_HAL_Driver/Inc/Legacy -I../Drivers/CMSIS/Device/ST/STM32F1xx/Include -I../Drivers/CMSIS/Include -O0 -ffunction-sections -fdata-sections -Wall -fstack-usage -MMD -MP -MF"Core/Src/main.d" -MT"Core/Src/main.o" --specs=nano.specs -mfloat-abi=soft -mthumb -o "Core/Src/main.o"
arm-none-eabi-gcc -o "SCH.elf" @"objects.list"   -mcpu=cortex-m3 -T"D:\VXL-VDK\lab-4\lab-4\STM32F103C6UX_FLASH.ld" --specs=nosys.specs -Wl,-Map="SCH.map" -Wl,--gc-sections -static --specs=nano.specs -mfloat-abi=soft -mthumb -Wl,--start-group -lc -lm -Wl,--end-group
Finished building target: SCH.elf
 
arm-none-eabi-size   SCH.elf 
arm-none-eabi-objdump -h -S  SCH.elf  > "SCH.list"
arm-none-eabi-objcopy  -O ihex  SCH.elf  "SCH.hex"
arm-none-eabi-objcopy  -O binary  SCH.elf  "SCH.bin"
   text	   data	    bss	    dec	    hex	filename
   7840	     20	   2444	  10304	   2840	SCH.elf
Finished building: default.size.stdout
 
Finished building: SCH.hex
Finished building: SCH.bin
 
 
Finished building: SCH.list
 
