00:00:48 **** Incremental Build of configuration Debug for project SCH ****
make -j12 all 
arm-none-eabi-gcc "../Core/Src/main.c" -mcpu=cortex-m3 -std=gnu11 -g3 -DDEBUG -DUSE_HAL_DRIVER -DSTM32F103x6 -c -I../Core/Inc -I../Drivers/STM32F1xx_HAL_Driver/Inc -I../Drivers/STM32F1xx_HAL_Driver/Inc/Legacy -I../Drivers/CMSIS/Device/ST/STM32F1xx/Include -I../Drivers/CMSIS/Include -O0 -ffunction-sections -fdata-sections -Wall -fstack-usage -MMD -MP -MF"Core/Src/main.d" -MT"Core/Src/main.o" --specs=nano.specs -mfloat-abi=soft -mthumb -o "Core/Src/main.o"
arm-none-eabi-gcc -o "SCH.elf" @"objects.list"   -mcpu=cortex-m3 -T"D:\VXL-VDK\lab-4\lab-4\STM32F103C6UX_FLASH.ld" --specs=nosys.specs -Wl,-Map="SCH.map" -Wl,--gc-sections -static --specs=nano.specs -mfloat-abi=soft -mthumb -Wl,--start-group -lc -lm -Wl,--end-group
Finished building target: SCH.elf
 
arm-none-eabi-size   SCH.elf 
arm-none-eabi-objdump -h -S  SCH.elf  > "SCH.list"
arm-none-eabi-objcopy  -O ihex  SCH.elf  "SCH.hex"
arm-none-eabi-objcopy  -O binary  SCH.elf  "SCH.bin"
   text	   data	    bss	    dec	    hex	filename
   7840	     20	   2444	  10304	   2840	SCH.elf
Finished building: default.size.stdout
 
Finished building: SCH.hex
Finished building: SCH.bin
 
 
Finished building: SCH.list
 

00:00:49 Build Finished. 0 errors, 0 warnings. (took 875ms)

